###############################################################################
#
# IAR ELF Linker V8.32.3.193/W32 for ARM                  23/Jan/2020  22:59:30
# Copyright 2007-2019 IAR Systems AB.
#
#    Output file  =  
#        G:\RT\RT1064_scc8660_blob_track\IAR\program\nor_sdram_zf_dtcm\Exe\RT106X.out
#    Map file     =  
#        G:\RT\RT1064_scc8660_blob_track\IAR\program\nor_sdram_zf_dtcm\List\RT106X.map
#    Command line =  
#        -f C:\Users\16479\AppData\Local\Temp\EW6243.tmp
#        (G:\RT\RT1064_scc8660_blob_track\IAR\program\nor_sdram_zf_dtcm\Obj\board.o
#        G:\RT\RT1064_scc8660_blob_track\IAR\program\nor_sdram_zf_dtcm\Obj\clock_config.o
#        G:\RT\RT1064_scc8660_blob_track\IAR\program\nor_sdram_zf_dtcm\Obj\common.o
#        G:\RT\RT1064_scc8660_blob_track\IAR\program\nor_sdram_zf_dtcm\Obj\control.o
#        G:\RT\RT1064_scc8660_blob_track\IAR\program\nor_sdram_zf_dtcm\Obj\evkmimxrt1064_flexspi_nor_config.o
#        G:\RT\RT1064_scc8660_blob_track\IAR\program\nor_sdram_zf_dtcm\Obj\evkmimxrt1064_sdram_ini_dcd.o
#        G:\RT\RT1064_scc8660_blob_track\IAR\program\nor_sdram_zf_dtcm\Obj\fsl_adc.o
#        G:\RT\RT1064_scc8660_blob_track\IAR\program\nor_sdram_zf_dtcm\Obj\fsl_adc_etc.o
#        G:\RT\RT1064_scc8660_blob_track\IAR\program\nor_sdram_zf_dtcm\Obj\fsl_aipstz.o
#        G:\RT\RT1064_scc8660_blob_track\IAR\program\nor_sdram_zf_dtcm\Obj\fsl_aoi.o
#        G:\RT\RT1064_scc8660_blob_track\IAR\program\nor_sdram_zf_dtcm\Obj\fsl_assert.o
#        G:\RT\RT1064_scc8660_blob_track\IAR\program\nor_sdram_zf_dtcm\Obj\fsl_bee.o
#        G:\RT\RT1064_scc8660_blob_track\IAR\program\nor_sdram_zf_dtcm\Obj\fsl_cache.o
#        G:\RT\RT1064_scc8660_blob_track\IAR\program\nor_sdram_zf_dtcm\Obj\fsl_clock.o
#        G:\RT\RT1064_scc8660_blob_track\IAR\program\nor_sdram_zf_dtcm\Obj\fsl_cmp.o
#        G:\RT\RT1064_scc8660_blob_track\IAR\program\nor_sdram_zf_dtcm\Obj\fsl_common.o
#        G:\RT\RT1064_scc8660_blob_track\IAR\program\nor_sdram_zf_dtcm\Obj\fsl_csi.o
#        G:\RT\RT1064_scc8660_blob_track\IAR\program\nor_sdram_zf_dtcm\Obj\fsl_dcdc.o
#        G:\RT\RT1064_scc8660_blob_track\IAR\program\nor_sdram_zf_dtcm\Obj\fsl_dcp.o
#        G:\RT\RT1064_scc8660_blob_track\IAR\program\nor_sdram_zf_dtcm\Obj\fsl_debug_console.o
#        G:\RT\RT1064_scc8660_blob_track\IAR\program\nor_sdram_zf_dtcm\Obj\fsl_dmamux.o
#        G:\RT\RT1064_scc8660_blob_track\IAR\program\nor_sdram_zf_dtcm\Obj\fsl_edma.o
#        G:\RT\RT1064_scc8660_blob_track\IAR\program\nor_sdram_zf_dtcm\Obj\fsl_elcdif.o
#        G:\RT\RT1064_scc8660_blob_track\IAR\program\nor_sdram_zf_dtcm\Obj\fsl_enc.o
#        G:\RT\RT1064_scc8660_blob_track\IAR\program\nor_sdram_zf_dtcm\Obj\fsl_enet.o
#        G:\RT\RT1064_scc8660_blob_track\IAR\program\nor_sdram_zf_dtcm\Obj\fsl_ewm.o
#        G:\RT\RT1064_scc8660_blob_track\IAR\program\nor_sdram_zf_dtcm\Obj\fsl_flexcan.o
#        G:\RT\RT1064_scc8660_blob_track\IAR\program\nor_sdram_zf_dtcm\Obj\fsl_flexio.o
#        G:\RT\RT1064_scc8660_blob_track\IAR\program\nor_sdram_zf_dtcm\Obj\fsl_flexio_camera.o
#        G:\RT\RT1064_scc8660_blob_track\IAR\program\nor_sdram_zf_dtcm\Obj\fsl_flexio_i2c_master.o
#        G:\RT\RT1064_scc8660_blob_track\IAR\program\nor_sdram_zf_dtcm\Obj\fsl_flexio_i2s.o
#        G:\RT\RT1064_scc8660_blob_track\IAR\program\nor_sdram_zf_dtcm\Obj\fsl_flexio_i2s_edma.o
#        G:\RT\RT1064_scc8660_blob_track\IAR\program\nor_sdram_zf_dtcm\Obj\fsl_flexio_spi.o
#        G:\RT\RT1064_scc8660_blob_track\IAR\program\nor_sdram_zf_dtcm\Obj\fsl_flexio_spi_edma.o
#        G:\RT\RT1064_scc8660_blob_track\IAR\program\nor_sdram_zf_dtcm\Obj\fsl_flexio_uart.o
#        G:\RT\RT1064_scc8660_blob_track\IAR\program\nor_sdram_zf_dtcm\Obj\fsl_flexio_uart_edma.o
#        G:\RT\RT1064_scc8660_blob_track\IAR\program\nor_sdram_zf_dtcm\Obj\fsl_flexram.o
#        G:\RT\RT1064_scc8660_blob_track\IAR\program\nor_sdram_zf_dtcm\Obj\fsl_flexspi.o
#        G:\RT\RT1064_scc8660_blob_track\IAR\program\nor_sdram_zf_dtcm\Obj\fsl_flexspi_nor_boot.o
#        G:\RT\RT1064_scc8660_blob_track\IAR\program\nor_sdram_zf_dtcm\Obj\fsl_gpc.o
#        G:\RT\RT1064_scc8660_blob_track\IAR\program\nor_sdram_zf_dtcm\Obj\fsl_gpio.o
#        G:\RT\RT1064_scc8660_blob_track\IAR\program\nor_sdram_zf_dtcm\Obj\fsl_gpt.o
#        G:\RT\RT1064_scc8660_blob_track\IAR\program\nor_sdram_zf_dtcm\Obj\fsl_kpp.o
#        G:\RT\RT1064_scc8660_blob_track\IAR\program\nor_sdram_zf_dtcm\Obj\fsl_lpi2c.o
#        G:\RT\RT1064_scc8660_blob_track\IAR\program\nor_sdram_zf_dtcm\Obj\fsl_lpi2c_edma.o
#        G:\RT\RT1064_scc8660_blob_track\IAR\program\nor_sdram_zf_dtcm\Obj\fsl_lpspi.o
#        G:\RT\RT1064_scc8660_blob_track\IAR\program\nor_sdram_zf_dtcm\Obj\fsl_lpspi_edma.o
#        G:\RT\RT1064_scc8660_blob_track\IAR\program\nor_sdram_zf_dtcm\Obj\fsl_lpuart.o
#        G:\RT\RT1064_scc8660_blob_track\IAR\program\nor_sdram_zf_dtcm\Obj\fsl_lpuart_edma.o
#        G:\RT\RT1064_scc8660_blob_track\IAR\program\nor_sdram_zf_dtcm\Obj\fsl_notifier.o
#        G:\RT\RT1064_scc8660_blob_track\IAR\program\nor_sdram_zf_dtcm\Obj\fsl_ocotp.o
#        G:\RT\RT1064_scc8660_blob_track\IAR\program\nor_sdram_zf_dtcm\Obj\fsl_pit.o
#        G:\RT\RT1064_scc8660_blob_track\IAR\program\nor_sdram_zf_dtcm\Obj\fsl_pmu.o
#        G:\RT\RT1064_scc8660_blob_track\IAR\program\nor_sdram_zf_dtcm\Obj\fsl_pwm.o
#        G:\RT\RT1064_scc8660_blob_track\IAR\program\nor_sdram_zf_dtcm\Obj\fsl_pxp.o
#        G:\RT\RT1064_scc8660_blob_track\IAR\program\nor_sdram_zf_dtcm\Obj\fsl_qtmr.o
#        G:\RT\RT1064_scc8660_blob_track\IAR\program\nor_sdram_zf_dtcm\Obj\fsl_rtwdog.o
#        G:\RT\RT1064_scc8660_blob_track\IAR\program\nor_sdram_zf_dtcm\Obj\fsl_sai.o
#        G:\RT\RT1064_scc8660_blob_track\IAR\program\nor_sdram_zf_dtcm\Obj\fsl_sai_edma.o
#        G:\RT\RT1064_scc8660_blob_track\IAR\program\nor_sdram_zf_dtcm\Obj\fsl_sbrk.o
#        G:\RT\RT1064_scc8660_blob_track\IAR\program\nor_sdram_zf_dtcm\Obj\fsl_semc.o
#        G:\RT\RT1064_scc8660_blob_track\IAR\program\nor_sdram_zf_dtcm\Obj\fsl_shell.o
#        G:\RT\RT1064_scc8660_blob_track\IAR\program\nor_sdram_zf_dtcm\Obj\fsl_snvs_hp.o
#        G:\RT\RT1064_scc8660_blob_track\IAR\program\nor_sdram_zf_dtcm\Obj\fsl_snvs_lp.o
#        G:\RT\RT1064_scc8660_blob_track\IAR\program\nor_sdram_zf_dtcm\Obj\fsl_spdif.o
#        G:\RT\RT1064_scc8660_blob_track\IAR\program\nor_sdram_zf_dtcm\Obj\fsl_spdif_edma.o
#        G:\RT\RT1064_scc8660_blob_track\IAR\program\nor_sdram_zf_dtcm\Obj\fsl_src.o
#        G:\RT\RT1064_scc8660_blob_track\IAR\program\nor_sdram_zf_dtcm\Obj\fsl_str.o
#        G:\RT\RT1064_scc8660_blob_track\IAR\program\nor_sdram_zf_dtcm\Obj\fsl_tempmon.o
#        G:\RT\RT1064_scc8660_blob_track\IAR\program\nor_sdram_zf_dtcm\Obj\fsl_trng.o
#        G:\RT\RT1064_scc8660_blob_track\IAR\program\nor_sdram_zf_dtcm\Obj\fsl_tsc.o
#        G:\RT\RT1064_scc8660_blob_track\IAR\program\nor_sdram_zf_dtcm\Obj\fsl_usdhc.o
#        G:\RT\RT1064_scc8660_blob_track\IAR\program\nor_sdram_zf_dtcm\Obj\fsl_wdog.o
#        G:\RT\RT1064_scc8660_blob_track\IAR\program\nor_sdram_zf_dtcm\Obj\fsl_xbara.o
#        G:\RT\RT1064_scc8660_blob_track\IAR\program\nor_sdram_zf_dtcm\Obj\fsl_xbarb.o
#        G:\RT\RT1064_scc8660_blob_track\IAR\program\nor_sdram_zf_dtcm\Obj\function.o
#        G:\RT\RT1064_scc8660_blob_track\IAR\program\nor_sdram_zf_dtcm\Obj\generic_list.o
#        G:\RT\RT1064_scc8660_blob_track\IAR\program\nor_sdram_zf_dtcm\Obj\isr.o
#        G:\RT\RT1064_scc8660_blob_track\IAR\program\nor_sdram_zf_dtcm\Obj\lpuart_adapter.o
#        G:\RT\RT1064_scc8660_blob_track\IAR\program\nor_sdram_zf_dtcm\Obj\main.o
#        G:\RT\RT1064_scc8660_blob_track\IAR\program\nor_sdram_zf_dtcm\Obj\picture.o
#        G:\RT\RT1064_scc8660_blob_track\IAR\program\nor_sdram_zf_dtcm\Obj\pid.o
#        G:\RT\RT1064_scc8660_blob_track\IAR\program\nor_sdram_zf_dtcm\Obj\pin_mux.o
#        G:\RT\RT1064_scc8660_blob_track\IAR\program\nor_sdram_zf_dtcm\Obj\SEEKFREE_18TFT.o
#        G:\RT\RT1064_scc8660_blob_track\IAR\program\nor_sdram_zf_dtcm\Obj\SEEKFREE_FONT.o
#        G:\RT\RT1064_scc8660_blob_track\IAR\program\nor_sdram_zf_dtcm\Obj\SEEKFREE_FUN.o
#        G:\RT\RT1064_scc8660_blob_track\IAR\program\nor_sdram_zf_dtcm\Obj\SEEKFREE_ICM20602.o
#        G:\RT\RT1064_scc8660_blob_track\IAR\program\nor_sdram_zf_dtcm\Obj\SEEKFREE_IIC.o
#        G:\RT\RT1064_scc8660_blob_track\IAR\program\nor_sdram_zf_dtcm\Obj\SEEKFREE_IPS114_SPI.o
#        G:\RT\RT1064_scc8660_blob_track\IAR\program\nor_sdram_zf_dtcm\Obj\SEEKFREE_IPS200_PARALLEL8.o
#        G:\RT\RT1064_scc8660_blob_track\IAR\program\nor_sdram_zf_dtcm\Obj\SEEKFREE_L3G4200D.o
#        G:\RT\RT1064_scc8660_blob_track\IAR\program\nor_sdram_zf_dtcm\Obj\SEEKFREE_MMA8451.o
#        G:\RT\RT1064_scc8660_blob_track\IAR\program\nor_sdram_zf_dtcm\Obj\SEEKFREE_MPU6050.o
#        G:\RT\RT1064_scc8660_blob_track\IAR\program\nor_sdram_zf_dtcm\Obj\SEEKFREE_MT9V03X.o
#        G:\RT\RT1064_scc8660_blob_track\IAR\program\nor_sdram_zf_dtcm\Obj\SEEKFREE_MT9V03X_CSI.o
#        G:\RT\RT1064_scc8660_blob_track\IAR\program\nor_sdram_zf_dtcm\Obj\SEEKFREE_NRF24L01.o
#        G:\RT\RT1064_scc8660_blob_track\IAR\program\nor_sdram_zf_dtcm\Obj\SEEKFREE_OLED.o
#        G:\RT\RT1064_scc8660_blob_track\IAR\program\nor_sdram_zf_dtcm\Obj\SEEKFREE_PRINTF.o
#        G:\RT\RT1064_scc8660_blob_track\IAR\program\nor_sdram_zf_dtcm\Obj\SEEKFREE_SCC8660.o
#        G:\RT\RT1064_scc8660_blob_track\IAR\program\nor_sdram_zf_dtcm\Obj\SEEKFREE_SCC8660_CSI.o
#        G:\RT\RT1064_scc8660_blob_track\IAR\program\nor_sdram_zf_dtcm\Obj\SEEKFREE_VIRSCO.o
#        G:\RT\RT1064_scc8660_blob_track\IAR\program\nor_sdram_zf_dtcm\Obj\SEEKFREE_W25QXXJV.o
#        G:\RT\RT1064_scc8660_blob_track\IAR\program\nor_sdram_zf_dtcm\Obj\SEEKFREE_WIRELESS.o
#        G:\RT\RT1064_scc8660_blob_track\IAR\program\nor_sdram_zf_dtcm\Obj\serial_manager.o
#        G:\RT\RT1064_scc8660_blob_track\IAR\program\nor_sdram_zf_dtcm\Obj\serial_port_uart.o
#        G:\RT\RT1064_scc8660_blob_track\IAR\program\nor_sdram_zf_dtcm\Obj\servo.o
#        G:\RT\RT1064_scc8660_blob_track\IAR\program\nor_sdram_zf_dtcm\Obj\startup_MIMXRT1064.o
#        G:\RT\RT1064_scc8660_blob_track\IAR\program\nor_sdram_zf_dtcm\Obj\system_MIMXRT1064.o
#        G:\RT\RT1064_scc8660_blob_track\IAR\program\nor_sdram_zf_dtcm\Obj\usb_device_cdc_acm.o
#        G:\RT\RT1064_scc8660_blob_track\IAR\program\nor_sdram_zf_dtcm\Obj\usb_device_ch9.o
#        G:\RT\RT1064_scc8660_blob_track\IAR\program\nor_sdram_zf_dtcm\Obj\usb_device_class.o
#        G:\RT\RT1064_scc8660_blob_track\IAR\program\nor_sdram_zf_dtcm\Obj\usb_device_dci.o
#        G:\RT\RT1064_scc8660_blob_track\IAR\program\nor_sdram_zf_dtcm\Obj\usb_device_descriptor.o
#        G:\RT\RT1064_scc8660_blob_track\IAR\program\nor_sdram_zf_dtcm\Obj\usb_device_ehci.o
#        G:\RT\RT1064_scc8660_blob_track\IAR\program\nor_sdram_zf_dtcm\Obj\usb_osa_bm.o
#        G:\RT\RT1064_scc8660_blob_track\IAR\program\nor_sdram_zf_dtcm\Obj\usb_phy.o
#        G:\RT\RT1064_scc8660_blob_track\IAR\program\nor_sdram_zf_dtcm\Obj\variable.o
#        G:\RT\RT1064_scc8660_blob_track\IAR\program\nor_sdram_zf_dtcm\Obj\zf_adc.o
#        G:\RT\RT1064_scc8660_blob_track\IAR\program\nor_sdram_zf_dtcm\Obj\zf_camera.o
#        G:\RT\RT1064_scc8660_blob_track\IAR\program\nor_sdram_zf_dtcm\Obj\zf_csi.o
#        G:\RT\RT1064_scc8660_blob_track\IAR\program\nor_sdram_zf_dtcm\Obj\zf_flash.o
#        G:\RT\RT1064_scc8660_blob_track\IAR\program\nor_sdram_zf_dtcm\Obj\zf_gpio.o
#        G:\RT\RT1064_scc8660_blob_track\IAR\program\nor_sdram_zf_dtcm\Obj\zf_iic.o
#        G:\RT\RT1064_scc8660_blob_track\IAR\program\nor_sdram_zf_dtcm\Obj\zf_iomuxc.o
#        G:\RT\RT1064_scc8660_blob_track\IAR\program\nor_sdram_zf_dtcm\Obj\zf_pit.o
#        G:\RT\RT1064_scc8660_blob_track\IAR\program\nor_sdram_zf_dtcm\Obj\zf_pwm.o
#        G:\RT\RT1064_scc8660_blob_track\IAR\program\nor_sdram_zf_dtcm\Obj\zf_qtimer.o
#        G:\RT\RT1064_scc8660_blob_track\IAR\program\nor_sdram_zf_dtcm\Obj\zf_rom_api.o
#        G:\RT\RT1064_scc8660_blob_track\IAR\program\nor_sdram_zf_dtcm\Obj\zf_spi.o
#        G:\RT\RT1064_scc8660_blob_track\IAR\program\nor_sdram_zf_dtcm\Obj\zf_systick.o
#        G:\RT\RT1064_scc8660_blob_track\IAR\program\nor_sdram_zf_dtcm\Obj\zf_uart.o
#        G:\RT\RT1064_scc8660_blob_track\IAR\program\nor_sdram_zf_dtcm\Obj\zf_usb_cdc.o
#        G:\RT\RT1064_scc8660_blob_track\IAR\program\nor_sdram_zf_dtcm\Obj\zf_vector.o
#        --no_out_extension -o
#        G:\RT\RT1064_scc8660_blob_track\IAR\program\nor_sdram_zf_dtcm\Exe\RT106X.out
#        --map
#        G:\RT\RT1064_scc8660_blob_track\IAR\program\nor_sdram_zf_dtcm\List\RT106X.map
#        --config
#        G:\RT\RT1064_scc8660_blob_track\IAR\program\..\icf\MIMXRT1064xxxxx_flexspi_nor.icf
#        --semihosting --entry __iar_program_start --vfe --text_out locale)
#
###############################################################################

*******************************************************************************
*** RUNTIME MODEL ATTRIBUTES
***

CppFlavor       = *
__Heap_Handler  = DLMalloc
__SystemLibrary = DLib
__dlib_version  = 6


*******************************************************************************
*** HEAP SELECTION
***

The advanced heap was selected because the application calls memory
allocation functions outside of system library functions, and there
are calls to deallocation functions in the application.


*******************************************************************************
*** PLACEMENT SUMMARY
***

"A0":  place at 0x7000'2000 { ro section .intvec };
"A2":  place at 0x7000'0000 { section .boot_hdr.conf };
"A3":  place at 0x7000'1000 { section .boot_hdr.ivt };
"A4":  place at 0x7000'1020 { ro section .boot_hdr.boot_data };
"A5":  place at 0x7000'1030 { ro section .boot_hdr.dcd_data };
"P1":  place in [from 0x7000'2000 to 0x7000'23ff] |
                [from 0x7000'2400 to 0x703f'ffff] { ro };
define block RW { first rw, section m_usb_dma_init_data };
"P2":  place in [from 0x8000'0000 to 0x8000'03ff] |
                [from 0x8000'0400 to 0x81df'ffff] { block RW };
define block SDRAM_VAR
   with alignment = 8 { section SDRAM_CACHE, section SDRAM_CACHE.init };
"P11": place in [from 0x8000'0000 to 0x8000'03ff] |
                [from 0x8000'0400 to 0x81df'ffff] { block SDRAM_VAR };
define block ZI
   with alignment = 32 { first zi, section m_usb_dma_noninit_data };
"P3":  place in [from 0x2000'0000 to 0x2006'efff] { block ZI };
"P4":  place in [from 0x2000'0000 to 0x2006'efff] { section .data };
"P5":  place in [from 0x2000'0000 to 0x2006'efff] { section .textrw };
define block DTCM_VAR
   with alignment = 8 { section NonCacheable, section NonCacheable.init };
"P9":  place in [from 0x2000'0000 to 0x2006'efff] { block DTCM_VAR };
define block HEAP with size = 256K, alignment = 8 { };
"P6":  place in [from 0x2000'0000 to 0x2006'efff] { last block HEAP };
define block CSTACK with size = 4K, alignment = 8 { };
"P7":  place in [from 0x2006'f000 to 0x2006'ffff] { block CSTACK };
initialize by copy { rw, section .textrw };
initialize by copy { ro }
   except {
      ro section .intvec, ro object system_MIMXRT1064.o,
      ro object startup_MIMXRT1064.o, section .boot_hdr.conf,
      section .boot_hdr.ivt, section .boot_hdr.boot_data,
      section .boot_hdr.dcd_data };
keep {
   section .boot_hdr.conf, section .boot_hdr.ivt, section .boot_hdr.boot_data,
   section .boot_hdr.dcd_data };

No sections matched the following patterns:

  section .intvec_RAM              in "A1"
  section .textrw                  in "P3-P5|P9"
  section ITCM_NonCacheable        in block ITCM_VAR
  section ITCM_NonCacheable.init   in block ITCM_VAR
  section NonCacheable.init        in block DTCM_VAR
  section OCRAM_CACHE              in block OCRAM_VAR
  section OCRAM_CACHE.init         in block OCRAM_VAR
  section SDRAM_CACHE              in block SDRAM_VAR
  section SDRAM_CACHE.init         in block SDRAM_VAR
  section SDRAM_NonCacheable       in block SDRAM_NCACHE_VAR
  section SDRAM_NonCacheable.init  in block SDRAM_NCACHE_VAR
  section m_usb_dma_init_data      in block RW
  section m_usb_dma_noninit_data   in block ZI


  Section              Kind         Address     Size  Object
  -------              ----         -------     ----  ------
"P3-P5|P9", part 1 of 2:                        0xbc
  P3-P5|P9 s0                   0x2000'0000     0xbc  <Init block>
    .data              inited   0x2000'0000     0x2c  SEEKFREE_SCC8660_CSI.o [1]
    .data              inited   0x2000'002c     0x28  SEEKFREE_SCC8660_CSI.o [1]
    .data              inited   0x2000'0054     0x28  zf_gpio.o [1]
    .data              inited   0x2000'007c     0x24  zf_uart.o [1]
    .data              inited   0x2000'00a0      0x4  system_MIMXRT1064.o [1]
    .data              inited   0x2000'00a4      0x4  variable.o [1]
    .data              inited   0x2000'00a8      0x4  variable.o [1]
    .data              inited   0x2000'00ac      0x4  variable.o [1]
    .data              inited   0x2000'00b0      0x4  variable.o [1]
    .data              inited   0x2000'00b4      0x4  variable.o [1]
    .data              inited   0x2000'00b8      0x4  variable.o [1]
                              - 0x2000'00bc     0xbc

"P3-P5|P9", part 2 of 2:                     0x2b8cc
  DTCM_VAR                      0x2000'00c0  0x1c200  <Block>
    NonCacheable       zero     0x2000'00c0   0x9600  SEEKFREE_SCC8660_CSI.o [1]
    NonCacheable       zero     0x2000'96c0   0x9600  SEEKFREE_SCC8660_CSI.o [1]
    NonCacheable       zero     0x2001'2cc0   0x9600  SEEKFREE_SCC8660.o [1]
  ZI                            0x2001'c2c0   0xf6cc  <Block>
    .bss               zero     0x2001'c2c0      0x4  fsl_clock.o [1]
    .bss               zero     0x2001'c2c4      0x4  fsl_clock.o [1]
    .bss               zero     0x2001'c2c8      0x4  fsl_csi.o [1]
    .bss               zero     0x2001'c2cc      0x4  fsl_csi.o [1]
    .bss               zero     0x2001'c2d0     0x1c  fsl_debug_console.o [1]
    .bss               zero     0x2001'c2ec      0x4  fsl_debug_console.o [1]
    .bss               zero     0x2001'c2f0     0x80  fsl_edma.o [1]
    .bss               zero     0x2001'c370      0x8  fsl_enet.o [1]
    .bss               zero     0x2001'c378      0x4  fsl_enet.o [1]
    .bss               zero     0x2001'c37c      0x4  fsl_enet.o [1]
    .bss               zero     0x2001'c380      0x4  fsl_enet.o [1]
    .bss               zero     0x2001'c384      0x4  fsl_enet.o [1]
    .bss               zero     0x2001'c388     0x10  fsl_flexcan.o [1]
    .bss               zero     0x2001'c398      0x4  fsl_flexcan.o [1]
    .bss               zero     0x2001'c39c      0x8  fsl_flexio.o [1]
    .bss               zero     0x2001'c3a4      0x8  fsl_flexio.o [1]
    .bss               zero     0x2001'c3ac      0x8  fsl_flexio.o [1]
    .bss               zero     0x2001'c3b4      0x4  fsl_lpi2c.o [1]
    .bss               zero     0x2001'c3b8     0x14  fsl_lpi2c.o [1]
    .bss               zero     0x2001'c3cc      0x4  fsl_lpi2c.o [1]
    .bss               zero     0x2001'c3d0     0x14  fsl_lpi2c.o [1]
    .bss               zero     0x2001'c3e4     0x14  fsl_lpspi.o [1]
    .bss               zero     0x2001'c3f8      0x4  fsl_lpspi.o [1]
    .bss               zero     0x2001'c3fc      0x4  fsl_lpspi.o [1]
    .bss               zero     0x2001'c400     0x24  fsl_lpuart.o [1]
    .bss               zero     0x2001'c424      0x4  fsl_lpuart.o [1]
    .bss               zero     0x2001'c428     0x20  fsl_sai.o [1]
    .bss               zero     0x2001'c448      0x4  fsl_sai.o [1]
    .bss               zero     0x2001'c44c      0x4  fsl_sai.o [1]
    .bss               zero     0x2001'c450      0x8  fsl_spdif.o [1]
    .bss               zero     0x2001'c458      0x4  fsl_spdif.o [1]
    .bss               zero     0x2001'c45c      0x4  fsl_spdif.o [1]
    .bss               zero     0x2001'c460      0xc  fsl_usdhc.o [1]
    .bss               zero     0x2001'c46c      0x4  fsl_usdhc.o [1]
    .bss               zero     0x2001'c470   0x1000  function.o [1]
    .bss               zero     0x2001'd470     0x80  function.o [1]
    .bss               zero     0x2001'd4f0    0x100  function.o [1]
    .bss               zero     0x2001'd5f0      0x4  SEEKFREE_SCC8660_CSI.o [1]
    .bss               zero     0x2001'd5f4      0x4  SEEKFREE_SCC8660_CSI.o [1]
    .bss               zero     0x2001'd5f8      0x1  SEEKFREE_SCC8660_CSI.o [1]
    .bss               zero     0x2001'd5f9      0x1  SEEKFREE_SCC8660_CSI.o [1]
    .bss               zero     0x2001'd5fa      0x1  SEEKFREE_SCC8660_CSI.o [1]
    .bss               zero     0x2001'd5fc      0x8  SEEKFREE_SCC8660_CSI.o [1]
    .bss               zero     0x2001'd604     0x30  SEEKFREE_SCC8660_CSI.o [1]
    .bss               zero     0x2001'd634      0x1  SEEKFREE_SCC8660_CSI.o [1]
    .bss               zero     0x2001'd638   0x9600  variable.o [1]
    .bss               zero     0x2002'6c38   0x4b00  variable.o [1]
    .bss               zero     0x2002'b738      0x2  variable.o [1]
    .bss               zero     0x2002'b73a      0x2  variable.o [1]
    .bss               zero     0x2002'b73c      0x2  variable.o [1]
    .bss               zero     0x2002'b740      0x4  variable.o [1]
    .bss               zero     0x2002'b744      0x4  variable.o [1]
    .bss               zero     0x2002'b748      0x4  variable.o [1]
    .bss               zero     0x2002'b74c     0x1c  zf_camera.o [1]
    .bss               zero     0x2002'b768     0x1c  zf_csi.o [1]
    .bss               zero     0x2002'b784      0x4  zf_csi.o [1]
    .bss               zero     0x2002'b788     0x10  zf_usb_cdc.o [1]
    .bss               zero     0x2002'b798     0x18  dlmalloc.o [2]
    .bss               zero     0x2002'b7b0    0x1d8  dlmalloc.o [2]
    .bss               zero     0x2002'b988      0x4  xgetmemchunk.o [2]
                              - 0x2002'b98c  0x2b8cc

"P6":                                        0x40000
  HEAP                          0x2002'b990  0x40000  <Block>
    HEAP               uninit   0x2002'b990  0x40000  <Block tail>
                              - 0x2006'b990  0x40000

"P7":                                         0x1000
  CSTACK                        0x2006'f000   0x1000  <Block>
    CSTACK             uninit   0x2006'f000   0x1000  <Block tail>
                              - 0x2007'0000   0x1000

"A2":                                          0x200
  .boot_hdr.conf       const    0x7000'0000    0x200  evkmimxrt1064_flexspi_nor_config.o [1]
                              - 0x7000'0200    0x200

"A3":                                           0x20
  .boot_hdr.ivt        const    0x7000'1000     0x20  fsl_flexspi_nor_boot.o [1]
                              - 0x7000'1020     0x20

"A4":                                           0x10
  .boot_hdr.boot_data  const    0x7000'1020     0x10  fsl_flexspi_nor_boot.o [1]
                              - 0x7000'1030     0x10

"A5":                                          0x430
  .boot_hdr.dcd_data   const    0x7000'1030    0x430  evkmimxrt1064_sdram_ini_dcd.o [1]
                              - 0x7000'1460    0x430

"A0":                                          0x440
  .intvec              const    0x7000'2000    0x400  zf_vector.o [1]
  .intvec              ro code  0x7000'2400     0x40  vector_table_M.o [4]
                              - 0x7000'2440    0x440

"P1":                                         0xa68c
  .text                ro code  0x7000'2440    0x1f6  lz77_init.o [4]
  .text                ro code  0x7000'2636      0x6  abort.o [2]
  .text                ro code  0x7000'263c     0x14  exit.o [5]
  .text                ro code  0x7000'2650    0x17e  system_MIMXRT1064.o [1]
  .text                ro code  0x7000'27ce     0x3a  zero_init3.o [4]
  .text                ro code  0x7000'2808     0x6c  startup_MIMXRT1064.o [1]
  .text                ro code  0x7000'2874     0x28  data_init.o [4]
  .text                ro code  0x7000'289c     0x22  fpinit_M.o [3]
  .iar.init_table      const    0x7000'28c0     0x50  - Linker created -
  Veneer               ro code  0x7000'2910      0x8  - Linker created -
  Veneer               ro code  0x7000'2918      0x8  - Linker created -
  .text                ro code  0x7000'2920     0x1e  cmain.o [4]
  .text                ro code  0x7000'293e      0x4  low_level_init.o [2]
  .text                ro code  0x7000'2942      0xc  cstartup_M.o [4]
  .rodata              const    0x7000'294e      0x0  zero_init3.o [4]
  .rodata              const    0x7000'294e      0x0  lz77_init.o [4]
  Initializer bytes    const    0x7000'294e   0xa0f2  <for RW-1>
  Initializer bytes    const    0x7000'ca40     0x8c  <for P3-P5|P9 s0>
                              - 0x7000'cacc   0xa68c

"P2|P11":                                    0x11214
  RW                            0x8000'0400  0x11214  <Block>
    RW-1                        0x8000'0400  0x11214  <Init block>
      .rodata          inited   0x8000'0400    0x420  pow64.o [3]
      .rodata          inited   0x8000'0820     0x18  clock_config.o [1]
      .rodata          inited   0x8000'0838     0x34  clock_config.o [1]
      .rodata          inited   0x8000'086c      0xc  clock_config.o [1]
      .rodata          inited   0x8000'0878      0x8  clock_config.o [1]
      .rodata          inited   0x8000'0880     0x2c  fsl_assert.o [1]
      .rodata          inited   0x8000'08ac     0x10  fsl_clock.o [1]
      .rodata          inited   0x8000'08bc     0x34  fsl_clock.o [1]
      .rodata          inited   0x8000'08f0     0x10  fsl_clock.o [1]
      .rodata          inited   0x8000'0900      0xc  fsl_csi.o [1]
      .rodata          inited   0x8000'090c     0x34  fsl_csi.o [1]
      .rodata          inited   0x8000'0940     0x3c  fsl_csi.o [1]
      .rodata          inited   0x8000'097c     0x30  fsl_csi.o [1]
      .rodata          inited   0x8000'09ac      0x8  fsl_csi.o [1]
      .rodata          inited   0x8000'09b4      0x8  fsl_csi.o [1]
      .rodata          inited   0x8000'09bc      0x4  fsl_csi.o [1]
      .rodata          inited   0x8000'09c0      0x8  fsl_debug_console.o [1]
      .rodata          inited   0x8000'09c8     0x4c  fsl_debug_console.o [1]
      .rodata          inited   0x8000'0a14      0xc  fsl_debug_console.o [1]
      .rodata          inited   0x8000'0a20     0x28  fsl_debug_console.o [1]
      .rodata          inited   0x8000'0a48     0x10  fsl_debug_console.o [1]
      .rodata          inited   0x8000'0a58     0x30  fsl_edma.o [1]
      .rodata          inited   0x8000'0a88     0x10  fsl_edma.o [1]
      .rodata          inited   0x8000'0a98      0xc  fsl_edma.o [1]
      .rodata          inited   0x8000'0aa4     0x3c  fsl_enet.o [1]
      .rodata          inited   0x8000'0ae0     0x30  fsl_enet.o [1]
      .rodata          inited   0x8000'0b10      0xc  fsl_enet.o [1]
      .rodata          inited   0x8000'0b1c     0x34  fsl_flexcan.o [1]
      .rodata          inited   0x8000'0b50     0x14  fsl_flexcan.o [1]
      .rodata          inited   0x8000'0b64     0x14  fsl_flexcan.o [1]
      .rodata          inited   0x8000'0b78     0x14  fsl_flexcan.o [1]
      .rodata          inited   0x8000'0b8c      0xc  fsl_gpio.o [1]
      .rodata          inited   0x8000'0b98     0x34  fsl_gpio.o [1]
      .rodata          inited   0x8000'0bcc     0x3c  fsl_gpio.o [1]
      .rodata          inited   0x8000'0c08     0x30  fsl_gpio.o [1]
      .rodata          inited   0x8000'0c38      0xc  fsl_gpio.o [1]
      .rodata          inited   0x8000'0c44     0x28  fsl_gpio.o [1]
      .rodata          inited   0x8000'0c6c      0xc  fsl_gpio.o [1]
      .rodata          inited   0x8000'0c78     0x34  fsl_lpspi.o [1]
      .rodata          inited   0x8000'0cac     0x14  fsl_lpspi.o [1]
      .rodata          inited   0x8000'0cc0     0x14  fsl_lpspi.o [1]
      .rodata          inited   0x8000'0cd4     0x14  fsl_lpspi.o [1]
      .rodata          inited   0x8000'0ce8     0x14  fsl_lpspi.o [1]
      .rodata          inited   0x8000'0cfc      0xc  fsl_lpuart.o [1]
      .rodata          inited   0x8000'0d08     0x34  fsl_lpuart.o [1]
      .rodata          inited   0x8000'0d3c     0x40  fsl_lpuart.o [1]
      .rodata          inited   0x8000'0d7c     0x34  fsl_lpuart.o [1]
      .rodata          inited   0x8000'0db0      0x8  fsl_lpuart.o [1]
      .rodata          inited   0x8000'0db8      0x8  fsl_lpuart.o [1]
      .rodata          inited   0x8000'0dc0      0x8  fsl_lpuart.o [1]
      .rodata          inited   0x8000'0dc8     0x18  fsl_lpuart.o [1]
      .rodata          inited   0x8000'0de0     0x20  fsl_lpuart.o [1]
      .rodata          inited   0x8000'0e00     0x20  fsl_lpuart.o [1]
      .rodata          inited   0x8000'0e20     0x24  fsl_lpuart.o [1]
      .rodata          inited   0x8000'0e44     0x14  fsl_lpuart.o [1]
      .rodata          inited   0x8000'0e58     0x14  fsl_lpuart.o [1]
      .rodata          inited   0x8000'0e6c     0x30  fsl_sai.o [1]
      .rodata          inited   0x8000'0e9c     0x14  fsl_sai.o [1]
      .rodata          inited   0x8000'0eb0     0x14  fsl_sai.o [1]
      .rodata          inited   0x8000'0ec4      0xc  fsl_usdhc.o [1]
      .rodata          inited   0x8000'0ed0      0x8  lpuart_adapter.o [1]
      .rodata          inited   0x8000'0ed8     0x40  lpuart_adapter.o [1]
      .rodata          inited   0x8000'0f18      0x8  lpuart_adapter.o [1]
      .rodata          inited   0x8000'0f20     0x4c  lpuart_adapter.o [1]
      .rodata          inited   0x8000'0f6c     0x28  lpuart_adapter.o [1]
      .rodata          inited   0x8000'0f94      0x8  lpuart_adapter.o [1]
      .rodata          inited   0x8000'0f9c      0x8  lpuart_adapter.o [1]
      .rodata          inited   0x8000'0fa4     0x24  lpuart_adapter.o [1]
      .rodata          inited   0x8000'0fc8    0x5f0  SEEKFREE_FONT.o [1]
      .rodata          inited   0x8000'15b8      0xc  serial_manager.o [1]
      .rodata          inited   0x8000'15c4     0x4c  serial_manager.o [1]
      .rodata          inited   0x8000'1610      0x8  serial_manager.o [1]
      .rodata          inited   0x8000'1618      0x8  serial_manager.o [1]
      .rodata          inited   0x8000'1620      0x8  serial_manager.o [1]
      .rodata          inited   0x8000'1628      0xc  serial_manager.o [1]
      .rodata          inited   0x8000'1634      0x8  serial_manager.o [1]
      .rodata          inited   0x8000'163c     0x10  serial_manager.o [1]
      .rodata          inited   0x8000'164c     0x10  serial_port_uart.o [1]
      .rodata          inited   0x8000'165c     0x4c  serial_port_uart.o [1]
      .rodata          inited   0x8000'16a8     0x10  serial_port_uart.o [1]
      .rodata          inited   0x8000'16b8      0x8  serial_port_uart.o [1]
      .rodata          inited   0x8000'16c0      0x8  serial_port_uart.o [1]
      .rodata          inited   0x8000'16c8     0x18  zf_csi.o [1]
      .rodata          inited   0x8000'16e0     0x34  zf_csi.o [1]
      .rodata          inited   0x8000'1714     0x2c  zf_csi.o [1]
      .rodata          inited   0x8000'1740      0xc  zf_iomuxc.o [1]
      .rodata          inited   0x8000'174c     0x34  zf_iomuxc.o [1]
      .rodata          inited   0x8000'1780     0x30  zf_iomuxc.o [1]
      .rodata          inited   0x8000'17b0     0x18  zf_systick.o [1]
      .rodata          inited   0x8000'17c8     0x30  zf_systick.o [1]
      .rodata          inited   0x8000'17f8     0x30  zf_uart.o [1]
      .text            inited   0x8000'1828    0x338  board.o [1]
      .text            inited   0x8000'1b60    0x6f4  clock_config.o [1]
      .text            inited   0x8000'2254     0x1c  fsl_assert.o [1]
      .text            inited   0x8000'2270    0x73c  fsl_clock.o [1]
      .text            inited   0x8000'29ac    0x628  fsl_csi.o [1]
      .text            inited   0x8000'2fd4    0x1cc  fsl_debug_console.o [1]
      .text            inited   0x8000'31a0    0x47c  fsl_edma.o [1]
      .text            inited   0x8000'361c     0xec  fsl_enet.o [1]
      .text            inited   0x8000'3708     0x98  fsl_flexcan.o [1]
      .text            inited   0x8000'37a0     0x64  fsl_flexio.o [1]
      .text            inited   0x8000'3804     0x3c  fsl_flexio_camera.o [1]
      .text            inited   0x8000'3840    0x1f2  fsl_gpio.o [1]
      .text            inited   0x8000'3a34     0x90  fsl_lpi2c.o [1]
      .text            inited   0x8000'3ac4     0xf0  fsl_lpspi.o [1]
      .text            inited   0x8000'3bb4    0x9ec  fsl_lpuart.o [1]
      .text            inited   0x8000'45a0    0x138  fsl_sai.o [1]
      .text            inited   0x8000'46d8     0x44  fsl_spdif.o [1]
      .text            inited   0x8000'471c    0x964  fsl_str.o [1]
      .text            inited   0x8000'5080     0x34  fsl_usdhc.o [1]
      .text            inited   0x8000'50b4    0x414  function.o [1]
      .text            inited   0x8000'54c8     0xc0  isr.o [1]
      .text            inited   0x8000'5588    0x174  lpuart_adapter.o [1]
      .text            inited   0x8000'56fc     0x5c  main.o [1]
      .text            inited   0x8000'5758    0x6e8  picture.o [1]
      .text            inited   0x8000'5e40    0x54c  SEEKFREE_IPS200_PARALLEL8.o [1]
      .text            inited   0x8000'638c     0x30  SEEKFREE_SCC8660.o [1]
      .text            inited   0x8000'63bc    0x2e8  SEEKFREE_SCC8660_CSI.o [1]
      .text            inited   0x8000'66a4    0x1fc  serial_manager.o [1]
      .text            inited   0x8000'68a0     0xd4  serial_port_uart.o [1]
      .text            inited   0x8000'6974    0x17a  usb_device_dci.o [1]
      .text            inited   0x8000'6af0    0x5e0  usb_device_ehci.o [1]
      .text            inited   0x8000'70d0     0x30  zf_camera.o [1]
      .text            inited   0x8000'7100    0x374  zf_csi.o [1]
      .text            inited   0x8000'7474    0x220  zf_gpio.o [1]
      .text            inited   0x8000'7694   0x6ab0  zf_iomuxc.o [1]
      .text            inited   0x8000'e144     0x70  zf_systick.o [1]
      .text            inited   0x8000'e1b4    0x458  zf_uart.o [1]
      .text            inited   0x8000'e60c     0x20  zf_usb_cdc.o [1]
      .text            inited   0x8000'e62c     0x66  ABImemset.o [4]
      .text            inited   0x8000'e694     0xa6  ABImemcpy.o [4]
      .text            inited   0x8000'e73c      0x6  ABImemclr4.o [4]
      .text            inited   0x8000'e744    0x274  I64DivMod.o [4]
      .text            inited   0x8000'e9b8     0x36  strlen.o [4]
      .text            inited   0x8000'e9f0     0x5c  DblToS64.o [3]
      .text            inited   0x8000'ea4c     0x52  S64ToDbl.o [3]
      .text            inited   0x8000'eaa0     0x9e  modf.o [3]
      .text            inited   0x8000'eb40    0x570  pow64.o [3]
      .text            inited   0x8000'f0b0     0x1e  sqrt.o [3]
      Veneer           inited   0x8000'f0d0      0x8  - Linker created -
      .text            inited   0x8000'f0d8   0x1d60  dlmalloc.o [2]
      .text            inited   0x8001'0e38     0x32  ABImemset48.o [4]
      .text            inited   0x8001'0e6c      0x2  I64DivZer.o [4]
      .text            inited   0x8001'0e70    0x368  iar_Exp64.o [3]
      .text            inited   0x8001'11d8     0x7c  frexp.o [3]
      .text            inited   0x8001'1254     0xf0  ldexp.o [3]
      .text            inited   0x8001'1344      0x6  ABImemclr.o [4]
      .text            inited   0x8001'134c     0x2c  xgetmemchunk.o [2]
      Veneer           inited   0x8001'1378      0x8  - Linker created -
      .text            inited   0x8001'1380      0xa  cexit.o [4]
      .rodata          inited   0x8001'138a      0x2  fsl_csi.o [1]
      .rodata          inited   0x8001'138c      0x2  fsl_csi.o [1]
      .text            inited   0x8001'138e     0x12  common.o [1]
      .text            inited   0x8001'13a0      0x8  zf_vector.o [1]
      .text            inited   0x8001'13a8      0x8  zf_vector.o [1]
      .text            inited   0x8001'13b0      0x8  zf_vector.o [1]
      .text            inited   0x8001'13b8      0x8  zf_vector.o [1]
      .text            inited   0x8001'13c0      0x8  zf_vector.o [1]
      .text            inited   0x8001'13c8      0x8  zf_vector.o [1]
      .text            inited   0x8001'13d0      0x8  zf_vector.o [1]
      .text            inited   0x8001'13d8      0x8  zf_vector.o [1]
      .text            inited   0x8001'13e0      0x8  zf_vector.o [1]
      .text            inited   0x8001'13e8      0x8  zf_vector.o [1]
      .text            inited   0x8001'13f0      0x8  zf_vector.o [1]
      .text            inited   0x8001'13f8      0x8  zf_vector.o [1]
      .text            inited   0x8001'1400      0x8  zf_vector.o [1]
      .text            inited   0x8001'1408      0x8  zf_vector.o [1]
      .text            inited   0x8001'1410      0x8  zf_vector.o [1]
      .text            inited   0x8001'1418      0x8  zf_vector.o [1]
      .text            inited   0x8001'1420      0x8  zf_vector.o [1]
      .text            inited   0x8001'1428      0x2  zf_vector.o [1]
      .text            inited   0x8001'142a      0x2  zf_vector.o [1]
      .text            inited   0x8001'142c      0x2  zf_vector.o [1]
      .text            inited   0x8001'142e      0x8  zf_vector.o [1]
      .text            inited   0x8001'1436      0x8  zf_vector.o [1]
      .text            inited   0x8001'143e      0x8  zf_vector.o [1]
      .text            inited   0x8001'1446      0x8  zf_vector.o [1]
      .text            inited   0x8001'144e      0x8  zf_vector.o [1]
      .text            inited   0x8001'1456      0x8  zf_vector.o [1]
      .text            inited   0x8001'145e      0x8  zf_vector.o [1]
      .text            inited   0x8001'1466      0x8  zf_vector.o [1]
      .text            inited   0x8001'146e      0x8  zf_vector.o [1]
      .text            inited   0x8001'1476      0x8  zf_vector.o [1]
      .text            inited   0x8001'147e      0x8  zf_vector.o [1]
      .text            inited   0x8001'1486      0x8  zf_vector.o [1]
      .text            inited   0x8001'148e      0x8  zf_vector.o [1]
      .text            inited   0x8001'1496      0x8  zf_vector.o [1]
      .text            inited   0x8001'149e      0x8  zf_vector.o [1]
      .text            inited   0x8001'14a6      0x8  zf_vector.o [1]
      .text            inited   0x8001'14ae      0x8  zf_vector.o [1]
      .text            inited   0x8001'14b6      0x8  zf_vector.o [1]
      .text            inited   0x8001'14be      0x2  zf_vector.o [1]
      .text            inited   0x8001'14c0      0x2  zf_vector.o [1]
      .text            inited   0x8001'14c2      0x2  zf_vector.o [1]
      .text            inited   0x8001'14c4      0x2  zf_vector.o [1]
      .text            inited   0x8001'14c6      0x2  zf_vector.o [1]
      .text            inited   0x8001'14c8      0x2  zf_vector.o [1]
      .text            inited   0x8001'14ca      0x2  zf_vector.o [1]
      .text            inited   0x8001'14cc      0x2  zf_vector.o [1]
      .text            inited   0x8001'14ce      0x2  zf_vector.o [1]
      .text            inited   0x8001'14d0      0x2  zf_vector.o [1]
      .text            inited   0x8001'14d2      0x2  zf_vector.o [1]
      .text            inited   0x8001'14d4      0x2  zf_vector.o [1]
      .text            inited   0x8001'14d6      0x2  zf_vector.o [1]
      .text            inited   0x8001'14d8      0x2  zf_vector.o [1]
      .text            inited   0x8001'14da      0x2  zf_vector.o [1]
      .text            inited   0x8001'14dc      0x2  zf_vector.o [1]
      .text            inited   0x8001'14de      0x2  zf_vector.o [1]
      .text            inited   0x8001'14e0      0x8  zf_vector.o [1]
      .text            inited   0x8001'14e8      0x8  zf_vector.o [1]
      .text            inited   0x8001'14f0      0x8  zf_vector.o [1]
      .text            inited   0x8001'14f8      0x8  zf_vector.o [1]
      .text            inited   0x8001'1500      0x8  zf_vector.o [1]
      .text            inited   0x8001'1508      0x2  zf_vector.o [1]
      .text            inited   0x8001'150a      0x2  zf_vector.o [1]
      .text            inited   0x8001'150c      0x2  zf_vector.o [1]
      .text            inited   0x8001'150e      0x2  zf_vector.o [1]
      .text            inited   0x8001'1510      0x2  zf_vector.o [1]
      .text            inited   0x8001'1512      0x2  zf_vector.o [1]
      .text            inited   0x8001'1514      0x2  zf_vector.o [1]
      .text            inited   0x8001'1516      0x2  zf_vector.o [1]
      .text            inited   0x8001'1518      0x2  zf_vector.o [1]
      .text            inited   0x8001'151a      0x2  zf_vector.o [1]
      .text            inited   0x8001'151c      0x2  zf_vector.o [1]
      .text            inited   0x8001'151e      0x2  zf_vector.o [1]
      .text            inited   0x8001'1520      0x2  zf_vector.o [1]
      .text            inited   0x8001'1522      0x2  zf_vector.o [1]
      .text            inited   0x8001'1524      0x2  zf_vector.o [1]
      .text            inited   0x8001'1526      0x2  zf_vector.o [1]
      .text            inited   0x8001'1528      0x2  zf_vector.o [1]
      .text            inited   0x8001'152a      0x2  zf_vector.o [1]
      .text            inited   0x8001'152c      0x2  zf_vector.o [1]
      .text            inited   0x8001'152e      0x2  zf_vector.o [1]
      .text            inited   0x8001'1530      0x2  zf_vector.o [1]
      .text            inited   0x8001'1532      0x2  zf_vector.o [1]
      .text            inited   0x8001'1534      0x2  zf_vector.o [1]
      .text            inited   0x8001'1536      0x2  zf_vector.o [1]
      .text            inited   0x8001'1538      0x2  zf_vector.o [1]
      .text            inited   0x8001'153a      0x2  zf_vector.o [1]
      .text            inited   0x8001'153c      0x2  zf_vector.o [1]
      .text            inited   0x8001'153e      0x8  zf_vector.o [1]
      .text            inited   0x8001'1546      0x8  zf_vector.o [1]
      .text            inited   0x8001'154e      0x2  zf_vector.o [1]
      .text            inited   0x8001'1550      0x2  zf_vector.o [1]
      .text            inited   0x8001'1552      0x2  zf_vector.o [1]
      .text            inited   0x8001'1554      0x2  zf_vector.o [1]
      .text            inited   0x8001'1556      0x2  zf_vector.o [1]
      .text            inited   0x8001'1558      0x2  zf_vector.o [1]
      .text            inited   0x8001'155a      0x2  zf_vector.o [1]
      .text            inited   0x8001'155c      0x2  zf_vector.o [1]
      .text            inited   0x8001'155e      0x2  zf_vector.o [1]
      .text            inited   0x8001'1560      0x2  zf_vector.o [1]
      .text            inited   0x8001'1562      0x2  zf_vector.o [1]
      .text            inited   0x8001'1564      0x2  zf_vector.o [1]
      .text            inited   0x8001'1566      0x2  zf_vector.o [1]
      .text            inited   0x8001'1568      0x2  zf_vector.o [1]
      .text            inited   0x8001'156a      0x2  zf_vector.o [1]
      .text            inited   0x8001'156c      0x8  zf_vector.o [1]
      .text            inited   0x8001'1574      0x8  zf_vector.o [1]
      .text            inited   0x8001'157c      0x2  zf_vector.o [1]
      .text            inited   0x8001'157e      0x8  zf_vector.o [1]
      .text            inited   0x8001'1586      0x8  zf_vector.o [1]
      .text            inited   0x8001'158e      0x8  zf_vector.o [1]
      .text            inited   0x8001'1596      0x2  zf_vector.o [1]
      .text            inited   0x8001'1598      0x2  zf_vector.o [1]
      .text            inited   0x8001'159a      0x2  zf_vector.o [1]
      .text            inited   0x8001'159c      0x2  zf_vector.o [1]
      .text            inited   0x8001'159e      0x2  zf_vector.o [1]
      .text            inited   0x8001'15a0      0x2  zf_vector.o [1]
      .text            inited   0x8001'15a2      0x2  zf_vector.o [1]
      .text            inited   0x8001'15a4      0x2  zf_vector.o [1]
      .text            inited   0x8001'15a6      0x2  zf_vector.o [1]
      .text            inited   0x8001'15a8      0x2  zf_vector.o [1]
      .text            inited   0x8001'15aa      0x2  zf_vector.o [1]
      .text            inited   0x8001'15ac      0x2  zf_vector.o [1]
      .text            inited   0x8001'15ae      0x2  zf_vector.o [1]
      .text            inited   0x8001'15b0      0x2  zf_vector.o [1]
      .text            inited   0x8001'15b2      0x2  zf_vector.o [1]
      .text            inited   0x8001'15b4      0x2  zf_vector.o [1]
      .text            inited   0x8001'15b6      0x2  zf_vector.o [1]
      .text            inited   0x8001'15b8      0x2  zf_vector.o [1]
      .text            inited   0x8001'15ba      0x2  zf_vector.o [1]
      .text            inited   0x8001'15bc      0x2  zf_vector.o [1]
      .text            inited   0x8001'15be      0x2  zf_vector.o [1]
      .text            inited   0x8001'15c0      0x2  zf_vector.o [1]
      .text            inited   0x8001'15c2      0x2  zf_vector.o [1]
      .text            inited   0x8001'15c4      0x2  zf_vector.o [1]
      .text            inited   0x8001'15c6      0x2  zf_vector.o [1]
      .text            inited   0x8001'15c8      0x2  zf_vector.o [1]
      .text            inited   0x8001'15ca      0x2  zf_vector.o [1]
      .text            inited   0x8001'15cc      0x2  zf_vector.o [1]
      .text            inited   0x8001'15ce      0x2  zf_vector.o [1]
      .text            inited   0x8001'15d0      0x2  zf_vector.o [1]
      .text            inited   0x8001'15d2      0x2  zf_vector.o [1]
      .text            inited   0x8001'15d4      0x2  zf_vector.o [1]
      .text            inited   0x8001'15d6      0x2  zf_vector.o [1]
      .text            inited   0x8001'15d8      0x2  zf_vector.o [1]
      .text            inited   0x8001'15da      0x2  zf_vector.o [1]
      .text            inited   0x8001'15dc      0x8  zf_vector.o [1]
      .text            inited   0x8001'15e4      0x8  zf_vector.o [1]
      .text            inited   0x8001'15ec      0x8  zf_vector.o [1]
      .text            inited   0x8001'15f4      0x2  zf_vector.o [1]
      .text            inited   0x8001'15f6      0x8  zf_vector.o [1]
      .text            inited   0x8001'15fe      0x2  zf_vector.o [1]
      .text            inited   0x8001'1600      0x2  zf_vector.o [1]
      .text            inited   0x8001'1602      0x2  zf_vector.o [1]
      .text            inited   0x8001'1604      0x2  zf_vector.o [1]
      .text            inited   0x8001'1606      0x2  zf_vector.o [1]
      .text            inited   0x8001'1608      0x8  heaptramp0.o [2]
      .text            inited   0x8001'1610      0x4  exit.o [2]
                              - 0x8001'1614  0x11214

Unused ranges:

         From           To        Size
         ----           --        ----
  0x2000'00bc  0x2000'00bf         0x4
  0x2002'b98c  0x2002'b98f         0x4
  0x2006'b990  0x2006'efff      0x3670
  0x7000'cacc  0x703f'ffff   0x3f'3534
  0x8000'0000  0x8000'03ff       0x400
  0x8001'1614  0x81df'ffff  0x1de'e9ec


*******************************************************************************
*** INIT TABLE
***

          Address      Size
          -------      ----
Zero (__iar_zero_init3)
    2 destination ranges, total size 0x2b8cc:
          0x2000'00c0  0x1c200
          0x2001'c2c0   0xf6cc

Copy/lz77 (__iar_lz77_init3)
    1 source range, total size 0xa0f2 (58% of destination):
          0x7000'294e   0xa0f2
    1 destination range, total size 0x11214:
          0x8000'0400  0x11214

Copy/lz77 (__iar_lz77_init3)
    1 source range, total size 0x8c (74% of destination):
          0x7000'ca40     0x8c
    1 destination range, total size 0xbc:
          0x2000'0000     0xbc



*******************************************************************************
*** MODULE SUMMARY
***

    Module                              ro code  rw code  ro data  rw data
    ------                              -------  -------  -------  -------
command line/config:
    ----------------------------------------------------------------------
    Total:

G:\RT\RT1064_scc8660_blob_track\IAR\program\nor_sdram_zf_dtcm\Obj: [1]
    SEEKFREE_FONT.o                                           892    1 520
    SEEKFREE_IPS200_PARALLEL8.o                    1 356      796
    SEEKFREE_SCC8660.o                                48       28   38 400
    SEEKFREE_SCC8660_CSI.o                           744      499   76 952
    board.o                                          824      483
    clock_config.o                                 1 780    1 102       96
    common.o                                          18       11
    evkmimxrt1064_flexspi_nor_config.o                        512
    evkmimxrt1064_sdram_ini_dcd.o                           1 072
    fsl_assert.o                                      28       42       44
    fsl_clock.o                                    1 852    1 137       92
    fsl_csi.o                                      1 576    1 040      204
    fsl_debug_console.o                              460      359      184
    fsl_edma.o                                     1 148      719      204
    fsl_enet.o                                       236      209      144
    fsl_flexcan.o                                    152      155      132
    fsl_flexio.o                                     100       59       24
    fsl_flexio_camera.o                               60       35
    fsl_flexspi_nor_boot.o                                     48
    fsl_gpio.o                                       498      432      236
    fsl_lpi2c.o                                      144       85       48
    fsl_lpspi.o                                      240      218      160
    fsl_lpuart.o                                   2 540    1 708      408
    fsl_sai.o                                        312      235      128
    fsl_spdif.o                                       68       40       16
    fsl_str.o                                      2 404    1 412
    fsl_usdhc.o                                       52       37       28
    function.o                                     1 044      613    4 480
    isr.o                                            192      113
    lpuart_adapter.o                                 372      364      248
    main.o                                            92       55
    picture.o                                      1 768    1 038
    serial_manager.o                                 508      385      148
    serial_port_uart.o                               212      198      124
    startup_MIMXRT1064.o                    108
    system_MIMXRT1064.o                     382                 3        4
    usb_device_dci.o                                 378      222
    usb_device_ehci.o                              1 504      884
    variable.o                                                 18   57 642
    zf_camera.o                                       48       28       28
    zf_csi.o                                         884      590      152
    zf_gpio.o                                        544      349       40
    zf_iomuxc.o                                   27 312   16 104      112
    zf_systick.o                                     112      108       72
    zf_uart.o                                      1 112      709       84
    zf_usb_cdc.o                                      32       19       16
    zf_vector.o                                      616    1 385
    ----------------------------------------------------------------------
    Total:                                  490   53 370   36 550  182 170

dl7M_tlf.a: [2]
    abort.o                                   6
    dlmalloc.o                                     7 520    4 416      496
    exit.o                                             4        3
    heaptramp0.o                                       8        5
    low_level_init.o                          4
    xgetmemchunk.o                                    44       27        4
    ----------------------------------------------------------------------
    Total:                                   10    7 576    4 451      500

m7M_tlv.a: [3]
    DblToS64.o                                        92       55
    S64ToDbl.o                                        82       48
    fpinit_M.o                               34
    frexp.o                                          124       73
    iar_Exp64.o                                      872      513
    ldexp.o                                          240      141
    modf.o                                           158       94
    pow64.o                                        1 392    1 439    1 056
    sqrt.o                                            30       17
    ----------------------------------------------------------------------
    Total:                                   34    2 990    2 380    1 056

rt7M_tl.a: [4]
    ABImemclr.o                                        6        3
    ABImemclr4.o                                       6        5
    ABImemcpy.o                                      166       98
    ABImemset.o                                      102       60
    ABImemset48.o                                     50       29
    I64DivMod.o                                      628      370
    I64DivZer.o                                        2        3
    cexit.o                                           10        6
    cmain.o                                  30
    cstartup_M.o                             12
    data_init.o                              40
    lz77_init.o                             502
    strlen.o                                          54       32
    vector_table_M.o                         64
    zero_init3.o                             58
    ----------------------------------------------------------------------
    Total:                                  706    1 024      606

shb_l.a: [5]
    exit.o                                   20
    ----------------------------------------------------------------------
    Total:                                   20

    Gaps                                              24        2        6
    Linker created                           16       16       91  266 240
--------------------------------------------------------------------------
    Grand Total:                          1 276   65 000   44 080  449 972


*******************************************************************************
*** ENTRY LIST
***

Entry                       Address    Size  Type      Object
-----                       -------    ----  ----      ------
.iar.init_table$$Base   0x7000'28c0           --   Gb  - Linker created -
.iar.init_table$$Limit  0x7000'2910           --   Gb  - Linker created -
?main                   0x7000'2921          Code  Gb  cmain.o [4]
A                       0x2002'b744     0x4  Data  Gb  variable.o [1]
AL                      0x2000'00ac     0x4  Data  Gb  variable.o [1]
AM                      0x2000'00b0     0x4  Data  Gb  variable.o [1]
ARM_MPU_Disable         0x8000'186b    0x20  Code  Lc  board.o [1]
ARM_MPU_Enable          0x8000'184b    0x20  Code  Lc  board.o [1]
B                       0x2002'b748     0x4  Data  Gb  variable.o [1]
BL                      0x2000'00b4     0x4  Data  Gb  variable.o [1]
BM                      0x2000'00b8     0x4  Data  Gb  variable.o [1]
BOARD_BootClockRUN      0x8000'1ce1   0x448  Code  Gb  clock_config.o [1]
BOARD_ConfigMPU         0x8000'1a37    0x7c  Code  Gb  board.o [1]
BOARD_DebugConsoleSrcFreq
                        0x8000'19e5    0x3a  Code  Gb  board.o [1]
BOARD_InitDebugConsole  0x8000'1a1f    0x18  Code  Gb  board.o [1]
BusFault_Handler        0x8001'1395     0x2  Code  Gb  common.o [1]
CAN1_DriverIRQHandler   0x8000'3709    0x26  Code  Gb  fsl_flexcan.o [1]
CAN2_DriverIRQHandler   0x8000'372f    0x26  Code  Gb  fsl_flexcan.o [1]
CAN3_DriverIRQHandler   0x8000'3755    0x26  Code  Gb  fsl_flexcan.o [1]
CLOCK_ControlGate       0x8000'1c4d    0x48  Code  Lc  clock_config.o [1]
CLOCK_ControlGate       0x8000'29cd    0x48  Code  Lc  fsl_csi.o [1]
CLOCK_ControlGate       0x8000'3841    0x42  Code  Lc  fsl_gpio.o [1]
CLOCK_ControlGate       0x8000'3bd5    0x48  Code  Lc  fsl_lpuart.o [1]
CLOCK_ControlGate       0x8000'7695    0x42  Code  Lc  zf_iomuxc.o [1]
CLOCK_DeinitAudioPll    0x8000'25dd     0xc  Code  Gb  fsl_clock.o [1]
CLOCK_DeinitEnetPll     0x8000'25f5     0xc  Code  Gb  fsl_clock.o [1]
CLOCK_DeinitUsb2Pll     0x8000'25d3     0xa  Code  Gb  fsl_clock.o [1]
CLOCK_DeinitVideoPll    0x8000'25e9     0xc  Code  Gb  fsl_clock.o [1]
CLOCK_DisableClock      0x8000'1c95    0x10  Code  Lc  clock_config.o [1]
CLOCK_DisableClock      0x8000'3c2d    0x10  Code  Lc  fsl_lpuart.o [1]
CLOCK_EnableClock       0x8000'2a15    0x10  Code  Lc  fsl_csi.o [1]
CLOCK_EnableClock       0x8000'3883    0x10  Code  Lc  fsl_gpio.o [1]
CLOCK_EnableClock       0x8000'3c1d    0x10  Code  Lc  fsl_lpuart.o [1]
CLOCK_EnableClock       0x8000'76e5    0x10  Code  Lc  zf_iomuxc.o [1]
CLOCK_GetAhbFreq        0x8000'23f5    0x18  Code  Gb  fsl_clock.o [1]
CLOCK_GetDiv            0x8000'19a9    0x2a  Code  Lc  board.o [1]
CLOCK_GetFreq           0x8000'247f   0x114  Code  Gb  fsl_clock.o [1]
CLOCK_GetIpgFreq        0x8000'2441    0x18  Code  Gb  fsl_clock.o [1]
CLOCK_GetMux            0x8000'197f    0x2a  Code  Lc  board.o [1]
CLOCK_GetOscFreq        0x8000'19d3    0x12  Code  Lc  board.o [1]
CLOCK_GetOscFreq        0x8000'2271    0x18  Code  Lc  fsl_clock.o [1]
CLOCK_GetPerClkFreq     0x8000'2459    0x26  Code  Gb  fsl_clock.o [1]
CLOCK_GetPeriphClkFreq  0x8000'22d7    0xaa  Code  Lc  fsl_clock.o [1]
CLOCK_GetPllBypassRefClk
                        0x8000'22b5    0x22  Code  Lc  fsl_clock.o [1]
CLOCK_GetPllFreq        0x8000'2601   0x23e  Code  Gb  fsl_clock.o [1]
CLOCK_GetRtcFreq        0x8000'2289     0x6  Code  Lc  fsl_clock.o [1]
CLOCK_GetSemcFreq       0x8000'240d    0x34  Code  Gb  fsl_clock.o [1]
CLOCK_GetSysPfdFreq     0x8000'2849    0x60  Code  Gb  fsl_clock.o [1]
CLOCK_GetUsb1PfdFreq    0x8000'28b5    0x60  Code  Gb  fsl_clock.o [1]
CLOCK_InitArmPll        0x8000'2593    0x40  Code  Gb  fsl_clock.o [1]
CLOCK_InitExternalClk   0x8000'2381    0x4a  Code  Gb  fsl_clock.o [1]
CLOCK_InitRcOsc24M      0x8000'23e7     0xe  Code  Gb  fsl_clock.o [1]
CLOCK_IsPllBypassed     0x8000'228f    0x10  Code  Lc  fsl_clock.o [1]
CLOCK_IsPllEnabled      0x8000'229f    0x16  Code  Lc  fsl_clock.o [1]
CLOCK_SetDiv            0x8000'1bd7    0x76  Code  Lc  clock_config.o [1]
CLOCK_SetDiv            0x8000'716f    0x6e  Code  Lc  zf_csi.o [1]
CLOCK_SetMux            0x8000'1b61    0x76  Code  Lc  clock_config.o [1]
CLOCK_SetMux            0x8000'7101    0x6e  Code  Lc  zf_csi.o [1]
CLOCK_SetPllBypass      0x8000'1cb5    0x2c  Code  Lc  clock_config.o [1]
CLOCK_SetRtcXtalFreq    0x8000'1cad     0x8  Code  Lc  clock_config.o [1]
CLOCK_SetXtalFreq       0x8000'1ca5     0x8  Code  Lc  clock_config.o [1]
CLOCK_SwitchOsc         0x8000'23cb    0x1c  Code  Gb  fsl_clock.o [1]
CSI_ClearFifo           0x8000'2cb3    0x30  Code  Gb  fsl_csi.o [1]
CSI_DriverIRQHandler    0x8000'2f83    0x10  Code  Gb  fsl_csi.o [1]
CSI_EnableFifoDmaRequest
                        0x8000'2d03    0x2e  Code  Gb  fsl_csi.o [1]
CSI_EnableInterrupts    0x8000'2d31    0x24  Code  Gb  fsl_csi.o [1]
CSI_GetDefaultConfig    0x8000'2c4f    0x54  Code  Gb  fsl_csi.o [1]
CSI_GetInstance         0x8000'2a75    0x34  Code  Lc  fsl_csi.o [1]
CSI_IRQHandler          0x8000'54fb     0xc  Code  Gb  isr.o [1]
CSI_Init                0x8000'2b05    0xfc  Code  Gb  fsl_csi.o [1]
CSI_ReflashFifoDma      0x8000'2ce3    0x20  Code  Gb  fsl_csi.o [1]
CSI_Reset               0x8000'2c01    0x4e  Code  Gb  fsl_csi.o [1]
CSI_SetRxBufferAddr     0x8000'2ca3    0x10  Code  Gb  fsl_csi.o [1]
CSI_Start               0x8000'2a45    0x18  Code  Lc  fsl_csi.o [1]
CSI_Stop                0x8000'2a5d    0x18  Code  Lc  fsl_csi.o [1]
CSI_TransferCreateHandle
                        0x8000'2d55    0x5e  Code  Gb  fsl_csi.o [1]
CSI_TransferGetEmptyBufferCount
                        0x8000'2ac5    0x12  Code  Lc  fsl_csi.o [1]
CSI_TransferGetFullBuffer
                        0x8000'2e9f    0x36  Code  Gb  fsl_csi.o [1]
CSI_TransferGetQueueDelta
                        0x8000'2aa9     0xe  Code  Lc  fsl_csi.o [1]
CSI_TransferHandleIRQ   0x8000'2ed9    0xaa  Code  Gb  fsl_csi.o [1]
CSI_TransferIncreaseQueueIdx
                        0x8000'2ab7     0xe  Code  Lc  fsl_csi.o [1]
CSI_TransferLoadBufferToDevice
                        0x8000'2ad7    0x2e  Code  Lc  fsl_csi.o [1]
CSI_TransferStart       0x8000'2db3    0x76  Code  Gb  fsl_csi.o [1]
CSI_TransferSubmitEmptyBuffer
                        0x8000'2e29    0x76  Code  Gb  fsl_csi.o [1]
CSTACK$$Base            0x2006'f000           --   Gb  - Linker created -
CSTACK$$Limit           0x2007'0000           --   Gb  - Linker created -
ConvertFloatRadixNumToString
                        0x8000'486d   0x19e  Code  Lc  fsl_str.o [1]
ConvertRadixNumToString
                        0x8000'471d   0x150  Code  Lc  fsl_str.o [1]
CreateTable             0x8000'50e9   0x142  Code  Gb  function.o [1]
DMA0_DMA16_DriverIRQHandler
                        0x8000'32f7    0x34  Code  Gb  fsl_edma.o [1]
DMA10_DMA26_DriverIRQHandler
                        0x8000'34f5    0x30  Code  Gb  fsl_edma.o [1]
DMA11_DMA27_DriverIRQHandler
                        0x8000'3525    0x2e  Code  Gb  fsl_edma.o [1]
DMA12_DMA28_DriverIRQHandler
                        0x8000'3553    0x2e  Code  Gb  fsl_edma.o [1]
DMA13_DMA29_DriverIRQHandler
                        0x8000'3581    0x2e  Code  Gb  fsl_edma.o [1]
DMA14_DMA30_DriverIRQHandler
                        0x8000'35af    0x2e  Code  Gb  fsl_edma.o [1]
DMA15_DMA31_DriverIRQHandler
                        0x8000'35dd    0x2e  Code  Gb  fsl_edma.o [1]
DMA1_DMA17_DriverIRQHandler
                        0x8000'332b    0x34  Code  Gb  fsl_edma.o [1]
DMA2_DMA18_DriverIRQHandler
                        0x8000'335f    0x34  Code  Gb  fsl_edma.o [1]
DMA3_DMA19_DriverIRQHandler
                        0x8000'3393    0x34  Code  Gb  fsl_edma.o [1]
DMA4_DMA20_DriverIRQHandler
                        0x8000'33c7    0x34  Code  Gb  fsl_edma.o [1]
DMA5_DMA21_DriverIRQHandler
                        0x8000'33fb    0x34  Code  Gb  fsl_edma.o [1]
DMA6_DMA22_DriverIRQHandler
                        0x8000'342f    0x34  Code  Gb  fsl_edma.o [1]
DMA7_DMA23_DriverIRQHandler
                        0x8000'3463    0x32  Code  Gb  fsl_edma.o [1]
DMA8_DMA24_DriverIRQHandler
                        0x8000'3495    0x30  Code  Gb  fsl_edma.o [1]
DMA9_DMA25_DriverIRQHandler
                        0x8000'34c5    0x30  Code  Gb  fsl_edma.o [1]
DTCM_VAR$$Base          0x2000'00c0           --   Gb  - Linker created -
DTCM_VAR$$Limit         0x2001'c2c0           --   Gb  - Linker created -
DbgConsole_Init         0x8000'305b    0xe6  Code  Gb  fsl_debug_console.o [1]
DbgConsole_PrintCallback
                        0x8000'301d    0x3e  Code  Lc  fsl_debug_console.o [1]
DbgConsole_Printf       0x8000'3141    0x3a  Code  Gb  fsl_debug_console.o [1]
DbgConsole_SendData     0x8000'2fd5    0x48  Code  Gb  fsl_debug_console.o [1]
DebugMon_Handler        0x8001'139b     0x2  Code  Gb  common.o [1]
DefaultISR              0x7000'2871          Code  Wk  startup_MIMXRT1064.o [1]
DisableGlobalIRQ        0x8000'50b5     0x8  Code  Lc  function.o [1]
DisableGlobalIRQ        0x8000'63e5     0x8  Code  Lc  SEEKFREE_SCC8660_CSI.o [1]
DisableGlobalIRQ        0x8000'71dd     0x8  Code  Lc  zf_csi.o [1]
EDMA_GetChannelStatusFlags
                        0x8000'31a1    0x4a  Code  Gb  fsl_edma.o [1]
EDMA_HandleIRQ          0x8000'31f5   0x102  Code  Gb  fsl_edma.o [1]
ENET2_DriverIRQHandler  0x8000'36dd     0xa  Code  Gb  fsl_enet.o [1]
ENET_1588_Timer_IRQHandler
                        0x8000'36c1    0x10  Code  Gb  fsl_enet.o [1]
ENET_CommonFrame0IRQHandler
                        0x8000'3661    0x60  Code  Gb  fsl_enet.o [1]
ENET_DriverIRQHandler   0x8000'36d1     0xa  Code  Gb  fsl_enet.o [1]
ENET_GetInstance        0x8000'361d    0x36  Code  Gb  fsl_enet.o [1]
EnableGlobalIRQ         0x8000'50bd     0x6  Code  Lc  function.o [1]
EnableGlobalIRQ         0x8000'63ed     0x6  Code  Lc  SEEKFREE_SCC8660_CSI.o [1]
EnableIRQ               0x8000'2a25    0x20  Code  Lc  fsl_csi.o [1]
EnableIRQ               0x8000'3c3d    0x20  Code  Lc  fsl_lpuart.o [1]
FLEXIO1_DriverIRQHandler
                        0x8000'37ed     0x8  Code  Gb  fsl_flexio.o [1]
FLEXIO2_DriverIRQHandler
                        0x8000'37f5     0x8  Code  Gb  fsl_flexio.o [1]
FLEXIO3_DriverIRQHandler
                        0x8000'37fd     0x8  Code  Gb  fsl_flexio.o [1]
FLEXIO_CAMERA_ClearStatusFlags
                        0x8000'380d    0x34  Code  Gb  fsl_flexio_camera.o [1]
FLEXIO_ClearShifterErrorFlags
                        0x8000'3809     0x4  Code  Lc  fsl_flexio_camera.o [1]
FLEXIO_ClearShifterStatusFlags
                        0x8000'3805     0x4  Code  Lc  fsl_flexio_camera.o [1]
FLEXIO_CommonIRQHandler
                        0x8000'37a1    0x3e  Code  Gb  fsl_flexio.o [1]
GPIO2_Combined_0_15_IRQHandler
                        0x8000'5581     0x8  Code  Gb  isr.o [1]
GPIO2_Combined_16_31_IRQHandler
                        0x8000'5569    0x10  Code  Gb  isr.o [1]
GPIO_ClearPinsInterruptFlags
                        0x8000'54eb    0x10  Code  Lc  isr.o [1]
GPIO_ClearPinsInterruptFlags
                        0x8000'6391    0x10  Code  Lc  SEEKFREE_SCC8660.o [1]
GPIO_ClearPinsOutput    0x8000'7491    0x10  Code  Lc  zf_gpio.o [1]
GPIO_GetInstance        0x8000'38a9    0x2e  Code  Lc  fsl_gpio.o [1]
GPIO_PinInit            0x8000'38d7    0x58  Code  Gb  fsl_gpio.o [1]
GPIO_PinSetInterruptConfig
                        0x8000'3989    0xaa  Code  Gb  fsl_gpio.o [1]
GPIO_PinWrite           0x8000'392f    0x3a  Code  Gb  fsl_gpio.o [1]
GPIO_PortClear          0x8000'748b     0x6  Code  Lc  zf_gpio.o [1]
GPIO_PortClearInterruptFlags
                        0x8000'54e7     0x4  Code  Lc  isr.o [1]
GPIO_PortClearInterruptFlags
                        0x8000'638d     0x4  Code  Lc  SEEKFREE_SCC8660.o [1]
GPIO_PortSet            0x8000'7475     0x6  Code  Lc  zf_gpio.o [1]
GPIO_SetPinInterruptConfig
                        0x8000'3893    0x16  Code  Lc  fsl_gpio.o [1]
GPIO_SetPinInterruptConfig
                        0x8000'74a1    0x16  Code  Lc  zf_gpio.o [1]
GPIO_SetPinsOutput      0x8000'747b    0x10  Code  Lc  zf_gpio.o [1]
GamaTable1              0x2001'd470    0x80  Data  Lc  function.o [1]
GamaTable2              0x2001'd4f0   0x100  Data  Lc  function.o [1]
HAL_UartGetStatus       0x8000'5589    0x10  Code  Lc  lpuart_adapter.o [1]
HAL_UartInit            0x8000'5599    0xe8  Code  Gb  lpuart_adapter.o [1]
HAL_UartSendBlocking    0x8000'5681    0x5a  Code  Gb  lpuart_adapter.o [1]
HEAP$$Base              0x2002'b990           --   Gb  - Linker created -
HEAP$$Limit             0x2006'b990           --   Gb  - Linker created -
HardFault_Handler       0x8001'1391     0x2  Code  Gb  common.o [1]
IOMUXC_SetPinConfig     0x8000'7711    0x10  Code  Lc  zf_iomuxc.o [1]
IOMUXC_SetPinMux        0x8000'76f5    0x1c  Code  Lc  zf_iomuxc.o [1]
InStream_Read           0x7000'2455    0x28  Code  Lc  lz77_init.o [4]
InStream_StepRegion     0x7000'2441    0x14  Code  Lc  lz77_init.o [4]
L                       0x2002'b740     0x4  Data  Gb  variable.o [1]
L1CACHE_CleanInvalidateDCacheByRange
                        0x8000'63f3    0x18  Code  Lc  SEEKFREE_SCC8660_CSI.o [1]
LL                      0x2000'00a4     0x4  Data  Gb  variable.o [1]
LM                      0x2000'00a8     0x4  Data  Gb  variable.o [1]
LPI2C1_DriverIRQHandler
                        0x8000'3a73     0xc  Code  Gb  fsl_lpi2c.o [1]
LPI2C2_DriverIRQHandler
                        0x8000'3a7f     0xc  Code  Gb  fsl_lpi2c.o [1]
LPI2C3_DriverIRQHandler
                        0x8000'3a8b     0xc  Code  Gb  fsl_lpi2c.o [1]
LPI2C4_DriverIRQHandler
                        0x8000'3a97     0xc  Code  Gb  fsl_lpi2c.o [1]
LPI2C_CommonIRQHandler  0x8000'3a35    0x3e  Code  Lc  fsl_lpi2c.o [1]
LPSPI1_DriverIRQHandler
                        0x8000'3af5    0x24  Code  Gb  fsl_lpspi.o [1]
LPSPI2_DriverIRQHandler
                        0x8000'3b19    0x24  Code  Gb  fsl_lpspi.o [1]
LPSPI3_DriverIRQHandler
                        0x8000'3b3d    0x24  Code  Gb  fsl_lpspi.o [1]
LPSPI4_DriverIRQHandler
                        0x8000'3b61    0x24  Code  Gb  fsl_lpspi.o [1]
LPSPI_CommonIRQHandler  0x8000'3acd    0x28  Code  Lc  fsl_lpspi.o [1]
LPSPI_IsMaster          0x8000'3ac5     0x8  Code  Lc  fsl_lpspi.o [1]
LPUART1_DriverIRQHandler
                        0x8000'44d5    0x10  Code  Gb  fsl_lpuart.o [1]
LPUART2_DriverIRQHandler
                        0x8000'44ed    0x10  Code  Gb  fsl_lpuart.o [1]
LPUART3_DriverIRQHandler
                        0x8000'44fd    0x10  Code  Gb  fsl_lpuart.o [1]
LPUART4_DriverIRQHandler
                        0x8000'4511    0x10  Code  Gb  fsl_lpuart.o [1]
LPUART5_DriverIRQHandler
                        0x8000'4521    0x10  Code  Gb  fsl_lpuart.o [1]
LPUART6_DriverIRQHandler
                        0x8000'4531    0x10  Code  Gb  fsl_lpuart.o [1]
LPUART7_DriverIRQHandler
                        0x8000'4541    0x10  Code  Gb  fsl_lpuart.o [1]
LPUART8_DriverIRQHandler
                        0x8000'4551    0x10  Code  Gb  fsl_lpuart.o [1]
LPUART_Deinit           0x8000'3ff3    0x3e  Code  Gb  fsl_lpuart.o [1]
LPUART_DisableInterrupts
                        0x8000'40c5    0x2a  Code  Gb  fsl_lpuart.o [1]
LPUART_EnableInterrupts
                        0x8000'409d    0x28  Code  Gb  fsl_lpuart.o [1]
LPUART_GetDefaultConfig
                        0x8000'4031    0x6c  Code  Gb  fsl_lpuart.o [1]
LPUART_GetEnabledInterrupts
                        0x8000'40ef    0x1e  Code  Gb  fsl_lpuart.o [1]
LPUART_GetInstance      0x8000'3c6f    0x34  Code  Gb  fsl_lpuart.o [1]
LPUART_GetStatusFlags   0x8000'410d    0x10  Code  Gb  fsl_lpuart.o [1]
LPUART_Init             0x8000'3d99   0x25a  Code  Gb  fsl_lpuart.o [1]
LPUART_ReadNonBlocking  0x8000'3d45    0x54  Code  Lc  fsl_lpuart.o [1]
LPUART_SoftwareReset    0x8000'3c5d    0x12  Code  Lc  fsl_lpuart.o [1]
LPUART_TransferCreateHandle
                        0x8000'4155    0x94  Code  Gb  fsl_lpuart.o [1]
LPUART_TransferGetRxRingBufferLength
                        0x8000'3ca3    0x3e  Code  Gb  fsl_lpuart.o [1]
LPUART_TransferHandleIRQ
                        0x8000'421d   0x2b8  Code  Gb  fsl_lpuart.o [1]
LPUART_TransferIsRxRingBufferFull
                        0x8000'3ce1    0x36  Code  Lc  fsl_lpuart.o [1]
LPUART_WriteBlocking    0x8000'411d    0x38  Code  Gb  fsl_lpuart.o [1]
LPUART_WriteNonBlocking
                        0x8000'3d17    0x2e  Code  Lc  fsl_lpuart.o [1]
LabTable                0x2001'c470  0x1000  Data  Lc  function.o [1]
MemManage_Handler       0x8001'1393     0x2  Code  Gb  common.o [1]
MyInit                  0x8000'50c3    0x24  Code  Gb  function.o [1]
NMI_Handler             0x8001'138f     0x2  Code  Gb  common.o [1]
OutStream_Write         0x7000'247d    0x42  Code  Lc  lz77_init.o [4]
PIT_ClearStatusFlags    0x8000'54d9     0xe  Code  Lc  isr.o [1]
PIT_GetStatusFlags      0x8000'54c9    0x10  Code  Lc  isr.o [1]
PIT_IRQHandler          0x8000'5507    0x62  Code  Gb  isr.o [1]
PORTPTR                 0x2000'0054    0x28  Data  Gb  zf_gpio.o [1]
PendSV_Handler          0x8001'139d     0x2  Code  Gb  common.o [1]
RGB2LAB                 0x8000'5269   0x204  Code  Gb  function.o [1]
RW$$Base                0x8000'0400           --   Gb  - Linker created -
RW$$Limit               0x8001'1614           --   Gb  - Linker created -
Region$$Table$$Base     0x7000'28c0           --   Gb  - Linker created -
Region$$Table$$Limit    0x7000'2910           --   Gb  - Linker created -
Reset_Handler           0x7000'2809          Code  Gb  startup_MIMXRT1064.o [1]
SAI1_DriverIRQHandler   0x8000'45a1    0x5a  Code  Gb  fsl_sai.o [1]
SAI2_DriverIRQHandler   0x8000'45fb    0x5a  Code  Gb  fsl_sai.o [1]
SAI3_RX_DriverIRQHandler
                        0x8000'467b    0x26  Code  Gb  fsl_sai.o [1]
SAI3_TX_DriverIRQHandler
                        0x8000'4655    0x26  Code  Gb  fsl_sai.o [1]
SCB_CleanInvalidateDCache_by_Addr
                        0x8000'63bd    0x28  Code  Lc  SEEKFREE_SCC8660_CSI.o [1]
SCB_DisableDCache       0x8000'192b    0x54  Code  Lc  board.o [1]
SCB_DisableICache       0x8000'18b5    0x22  Code  Lc  board.o [1]
SCB_EnableDCache        0x8000'18d7    0x54  Code  Lc  board.o [1]
SCB_EnableDCache        0x7000'267b    0x54  Code  Lc  system_MIMXRT1064.o [1]
SCB_EnableICache        0x8000'188b    0x2a  Code  Lc  board.o [1]
SCB_EnableICache        0x7000'2651    0x2a  Code  Lc  system_MIMXRT1064.o [1]
SCC8660_CFG_CSI         0x2000'0000    0x2c  Data  Gb  SEEKFREE_SCC8660_CSI.o [1]
SCC8660_GET_CFG_CSI     0x2000'002c    0x28  Data  Gb  SEEKFREE_SCC8660_CSI.o [1]
SPDIF_DriverIRQHandler  0x8000'46d9    0x32  Code  Gb  fsl_spdif.o [1]
SVC_Handler             0x8001'1399     0x2  Code  Gb  common.o [1]
SerialManager_Init      0x8000'674d    0x6c  Code  Gb  serial_manager.o [1]
SerialManager_OpenReadHandle
                        0x8000'680f    0x5e  Code  Gb  serial_manager.o [1]
SerialManager_OpenWriteHandle
                        0x8000'67b9    0x56  Code  Gb  serial_manager.o [1]
SerialManager_StartWriting
                        0x8000'66a5    0x34  Code  Lc  serial_manager.o [1]
SerialManager_Write     0x8000'66d9    0x74  Code  Lc  serial_manager.o [1]
SerialManager_WriteBlocking
                        0x8000'686d    0x14  Code  Gb  serial_manager.o [1]
Serial_UartInit         0x8000'68a1    0x6e  Code  Gb  serial_port_uart.o [1]
Serial_UartWrite        0x8000'690f    0x52  Code  Gb  serial_port_uart.o [1]
StrFormatPrintf         0x8000'4a15   0x66c  Code  Gb  fsl_str.o [1]
SysTick_Handler         0x8001'139f     0x2  Code  Gb  common.o [1]
SystemCoreClock         0x2000'00a0     0x4  Data  Gb  system_MIMXRT1064.o [1]
SystemInit              0x7000'26cf    0xb0  Code  Gb  system_MIMXRT1064.o [1]
UARTN                   0x2000'007c    0x24  Data  Gb  zf_uart.o [1]
USB_DeviceControl       0x8000'6975    0x36  Code  Lc  usb_device_dci.o [1]
USB_DeviceEhciCancelControlPipe
                        0x8000'6b7d   0x10a  Code  Lc  usb_device_ehci.o [1]
USB_DeviceEhciFillSetupBuffer
                        0x8000'6af1    0x8c  Code  Lc  usb_device_ehci.o [1]
USB_DeviceEhciInterruptPortChange
                        0x8000'6fcd    0x52  Code  Lc  usb_device_ehci.o [1]
USB_DeviceEhciInterruptReset
                        0x8000'701f    0x66  Code  Lc  usb_device_ehci.o [1]
USB_DeviceEhciInterruptSof
                        0x8000'7085     0x2  Code  Lc  usb_device_ehci.o [1]
USB_DeviceEhciInterruptTokenDone
                        0x8000'6c87   0x346  Code  Lc  usb_device_ehci.o [1]
USB_DeviceEhciIsrFunction
                        0x8000'7087    0x4a  Code  Gb  usb_device_ehci.o [1]
USB_DeviceNotification  0x8000'6a0b    0xba  Code  Lc  usb_device_dci.o [1]
USB_DeviceNotificationTrigger
                        0x8000'6ac5    0x2a  Code  Gb  usb_device_dci.o [1]
USB_DeviceResetNotification
                        0x8000'69ab    0x60  Code  Lc  usb_device_dci.o [1]
USB_OTG1_IRQHandler     0x8000'e60d     0xe  Code  Gb  zf_usb_cdc.o [1]
USB_OTG2_IRQHandler     0x8000'e61b     0xe  Code  Gb  zf_usb_cdc.o [1]
USDHC1_DriverIRQHandler
                        0x8000'5081    0x12  Code  Gb  fsl_usdhc.o [1]
USDHC2_DriverIRQHandler
                        0x8000'5093    0x12  Code  Gb  fsl_usdhc.o [1]
UsageFault_Handler      0x8001'1397     0x2  Code  Gb  common.o [1]
ZI$$Base                0x2001'c2c0           --   Gb  - Linker created -
ZI$$Limit               0x2002'b98c           --   Gb  - Linker created -
__CSTACK_ADDRESS {Abs}  0x2007'0000          Data  Gb  <internal module>
__NVIC_EnableIRQ        0x8000'29ad    0x20  Code  Lc  fsl_csi.o [1]
__NVIC_EnableIRQ        0x8000'3bb5    0x20  Code  Lc  fsl_lpuart.o [1]
__NVIC_SetPriorityGrouping
                        0x8000'1829    0x22  Code  Lc  board.o [1]
__RAM_VECTOR_TABLE_SIZE {Abs}
                              0x400          Data  Gb  <internal module>
__VECTOR_RAM {Abs}      0x8000'0000          Data  Gb  <internal module>
__VECTOR_TABLE {Abs}    0x7000'2000          Data  Gb  <internal module>
__aeabi_assert          0x8000'2255    0x1c  Code  Gb  fsl_assert.o [1]
__aeabi_d2lz            0x8000'e9f1          Code  Gb  DblToS64.o [3]
__aeabi_l2d             0x8000'ea4d          Code  Gb  S64ToDbl.o [3]
__aeabi_ldiv0           0x8001'0e6d          Code  Gb  I64DivZer.o [4]
__aeabi_ldivmod         0x8000'e745          Code  Gb  I64DivMod.o [4]
__aeabi_memclr          0x8001'1345          Code  Gb  ABImemclr.o [4]
__aeabi_memclr4         0x8000'e73d          Code  Gb  ABImemclr4.o [4]
__aeabi_memcpy          0x8000'e695          Code  Gb  ABImemcpy.o [4]
__aeabi_memcpy4         0x8000'e6b5          Code  Gb  ABImemcpy.o [4]
__aeabi_memcpy8         0x8000'e6b5          Code  Gb  ABImemcpy.o [4]
__aeabi_memset          0x8000'e62d          Code  Gb  ABImemset.o [4]
__aeabi_uldivmod        0x8000'e789          Code  Gb  I64DivMod.o [4]
__cmain                 0x7000'2921          Code  Gb  cmain.o [4]
__data_GetMemChunk      0x8001'134d    0x2c  Code  Gb  xgetmemchunk.o [2]
__data_GetMemChunk::start
                        0x2002'b988     0x4  Data  Lc  xgetmemchunk.o [2]
__exit                  0x7000'263d    0x14  Code  Gb  exit.o [5]
__iar_Exp64             0x8001'0e71   0x368  Code  Gb  iar_Exp64.o [3]
__iar_Memset            0x8000'e62d          Code  Gb  ABImemset.o [4]
__iar_Memset4_word      0x8001'0e39          Code  Gb  ABImemset48.o [4]
__iar_Memset8_word      0x8001'0e39          Code  Gb  ABImemset48.o [4]
__iar_Memset_word       0x8000'e635          Code  Gb  ABImemset.o [4]
__iar_Pow64             0x8000'eb41   0x4e4  Code  Lc  pow64.o [3]
__iar_data_init3        0x7000'2875    0x28  Code  Gb  data_init.o [4]
__iar_dlcalloc          0x8001'0a53    0x3e  Code  Gb  dlmalloc.o [2]
__iar_dlfree            0x8001'055d   0x4f6  Code  Gb  dlmalloc.o [2]
__iar_dlmalloc          0x8001'02a7   0x2b6  Code  Gb  dlmalloc.o [2]
__iar_dlrealloc         0x8001'0dad    0x7c  Code  Gb  dlmalloc.o [2]
__iar_frexp             0x8001'11f1          Code  Gb  frexp.o [3]
__iar_frexp64           0x8001'11d9          Code  Gb  frexp.o [3]
__iar_frexpl            0x8001'11f1          Code  Gb  frexp.o [3]
__iar_init_vfp          0x7000'289d          Code  Gb  fpinit_M.o [3]
__iar_ldexp64           0x8001'1255          Code  Gb  ldexp.o [3]
__iar_lz77_init3        0x7000'24bf   0x178  Code  Gb  lz77_init.o [4]
__iar_modf              0x8000'eab1          Code  Gb  modf.o [3]
__iar_modf64            0x8000'eaa1          Code  Gb  modf.o [3]
__iar_modfl             0x8000'eab1          Code  Gb  modf.o [3]
__iar_pow64             0x8000'f0ad     0x4  Code  Gb  pow64.o [3]
__iar_pow_medium        0x8000'f0ad     0x4  Code  Gb  pow64.o [3]
__iar_pow_medium64      0x8000'f0ad     0x4  Code  Gb  pow64.o [3]
__iar_pow_mediuml       0x8000'f0ad     0x4  Code  Gb  pow64.o [3]
__iar_program_start     0x7000'2943          Code  Gb  cstartup_M.o [4]
__iar_scalbln64         0x8001'1255          Code  Gb  ldexp.o [3]
__iar_scalbn64          0x8001'1255          Code  Gb  ldexp.o [3]
__iar_sqrt64            0x8000'f0b1          Code  Gb  sqrt.o [3]
__iar_zero_init3        0x7000'27cf    0x3a  Code  Gb  zero_init3.o [4]
__low_level_init        0x7000'293f     0x4  Code  Gb  low_level_init.o [2]
__vector_table          0x7000'2400          Data  Gb  vector_table_M.o [4]
__zf_vector_table       0x7000'2000   0x400  Data  Gb  zf_vector.o [1]
_call_main              0x7000'292d          Code  Gb  cmain.o [4]
_exit                   0x8001'1381          Code  Gb  cexit.o [4]
_gm_                    0x2002'b7b0   0x1d8  Data  Lc  dlmalloc.o [2]
_main                   0x7000'293b          Code  Gb  cmain.o [4]
abort                   0x7000'2637     0x6  Code  Gb  abort.o [2]
add_segment             0x8000'f4a1   0x1f2  Code  Lc  dlmalloc.o [2]
armPllConfig_BOARD_BootClockRUN
                        0x8000'0878     0x8  Data  Gb  clock_config.o [1]
beacon_x                0x2002'b738     0x2  Data  Gb  variable.o [1]
beacon_y                0x2002'b73a     0x2  Data  Gb  variable.o [1]
board_init              0x8000'1ab3    0x24  Code  Gb  board.o [1]
boot_data               0x7000'1020    0x10  Data  Gb  fsl_flexspi_nor_boot.o [1]
csi_add_empty_buffer    0x8000'7415    0x12  Code  Gb  zf_csi.o [1]
csi_get_full_buffer     0x8000'7427    0x1c  Code  Gb  zf_csi.o [1]
csi_handle              0x2002'b768    0x1c  Data  Gb  zf_csi.o [1]
csi_init                0x8000'72a1   0x174  Code  Gb  zf_csi.o [1]
csi_iomuxc              0x8000'71e5    0xbc  Code  Gb  zf_csi.o [1]
csi_scc8660_uart_callback
                        0x8000'640b    0x54  Code  Gb  SEEKFREE_SCC8660_CSI.o [1]
csi_start               0x8000'7443     0xe  Code  Gb  zf_csi.o [1]
dcd_data                0x7000'1030   0x430  Data  Gb  evkmimxrt1064_sdram_ini_dcd.o [1]
desult                  0x8000'5759    0x56  Code  Gb  picture.o [1]
dispose_chunk           0x8000'f86d   0x4a6  Code  Lc  dlmalloc.o [2]
dma_restart             0x8000'70dd    0x14  Code  Gb  zf_camera.o [1]
draw_rtg                0x8000'5cef   0x13e  Code  Gb  picture.o [1]
exit                    0x8001'1611     0x4  Code  Gb  exit.o [2]
fast_gpio_init          0x8000'7523   0x11a  Code  Gb  zf_gpio.o [1]
fast_gpio_set           0x8000'763d    0x46  Code  Gb  zf_gpio.o [1]
find_blobs              0x8000'58d1   0x41e  Code  Gb  picture.o [1]
flexio_flag_clear       0x8000'70d1     0xc  Code  Gb  zf_camera.o [1]
free                    0x8001'1609     0x4  Code  Gb  heaptramp0.o [2]
frexp                   0x8001'11d9          Code  Gb  frexp.o [3]
frexpl                  0x8001'11d9          Code  Gb  frexp.o [3]
fullCameraBufferAddr    0x2002'b784     0x4  Data  Gb  zf_csi.o [1]
g_rtcXtalFreq           0x2001'c2c4     0x4  Data  Gb  fsl_clock.o [1]
g_serialHandle          0x2001'c2ec     0x4  Data  Gb  fsl_debug_console.o [1]
g_xtalFreq              0x2001'c2c0     0x4  Data  Gb  fsl_clock.o [1]
gpio_init               0x8000'74b7    0x6c  Code  Gb  zf_gpio.o [1]
image_vector_table      0x7000'1000    0x20  Data  Gb  fsl_flexspi_nor_boot.o [1]
img_show                0x2001'd638  0x9600  Data  Gb  variable.o [1]
init_mparams            0x8000'f0f3    0x32  Code  Lc  dlmalloc.o [2]
init_top                0x8000'f125    0x36  Code  Lc  dlmalloc.o [2]
iomuxc_pinconf          0x8000'7721  0x694c  Code  Gb  zf_iomuxc.o [1]
ips200_address_set      0x8000'5f45    0x3e  Code  Gb  SEEKFREE_IPS200_PARALLEL8.o [1]
ips200_clear            0x8000'61d1    0x3c  Code  Gb  SEEKFREE_IPS200_PARALLEL8.o [1]
ips200_displayimage8660_zoom
                        0x8000'6303    0x82  Code  Gb  SEEKFREE_IPS200_PARALLEL8.o [1]
ips200_init             0x8000'5f83   0x24e  Code  Gb  SEEKFREE_IPS200_PARALLEL8.o [1]
ips200_showchar         0x8000'620d    0x7e  Code  Gb  SEEKFREE_IPS200_PARALLEL8.o [1]
ips200_showuint8        0x8000'628b    0x78  Code  Gb  SEEKFREE_IPS200_PARALLEL8.o [1]
ips200_w_data           0x8000'5e41    0x2e  Code  Gb  SEEKFREE_IPS200_PARALLEL8.o [1]
ips200_wr_data          0x8000'5ead    0x3e  Code  Gb  SEEKFREE_IPS200_PARALLEL8.o [1]
ips200_wr_data16        0x8000'5eeb    0x5a  Code  Gb  SEEKFREE_IPS200_PARALLEL8.o [1]
ips200_wr_reg           0x8000'5e6f    0x3e  Code  Gb  SEEKFREE_IPS200_PARALLEL8.o [1]
ldexp                   0x8001'1255          Code  Gb  ldexp.o [3]
ldexpl                  0x8001'1255          Code  Gb  ldexp.o [3]
lnbias                  0x8000'0400   0x420  Data  Lc  pow64.o [3]
m_boot_hdr_conf_start {Abs}
                        0x7000'0000          Data  Gb  <internal module>
main                    0x8000'56fd    0x5c  Code  Gb  main.o [1]
match                   0x8000'57af   0x122  Code  Gb  picture.o [1]
modf                    0x8000'eaa1          Code  Gb  modf.o [3]
modfl                   0x8000'eaa1          Code  Gb  modf.o [3]
mparams                 0x2002'b798    0x18  Data  Lc  dlmalloc.o [2]
pix_num                 0x2002'b73c     0x2  Data  Gb  variable.o [1]
pow                     0x8000'f0ad     0x4  Code  Gb  pow64.o [3]
powl                    0x8000'f0ad     0x4  Code  Gb  pow64.o [3]
prepend_alloc           0x8000'f15b   0x346  Code  Lc  dlmalloc.o [2]
qspiflash_config        0x7000'0000   0x200  Data  Gb  evkmimxrt1064_flexspi_nor_config.o [1]
realloc                 0x8001'160d     0x4  Code  Gb  heaptramp0.o [2]
result                  0x2002'6c38  0x4b00  Data  Gb  variable.o [1]
s_EDMAHandle            0x2001'c2f0    0x80  Data  Lc  fsl_edma.o [1]
s_ENETHandle            0x2001'c370     0x8  Data  Lc  fsl_enet.o [1]
s_FlexioCameraDevice    0x2002'b74c    0x1c  Data  Lc  zf_camera.o [1]
s_LpuartAdapterBase     0x8000'0fa4    0x24  Data  Lc  lpuart_adapter.o [1]
s_cdcVcom               0x2002'b788    0x10  Data  Gb  zf_usb_cdc.o [1]
s_csiBases              0x8000'09bc     0x4  Data  Lc  fsl_csi.o [1]
s_csiClocks             0x8001'138a     0x2  Data  Lc  fsl_csi.o [1]
s_csiHandle             0x2001'c2c8     0x4  Data  Lc  fsl_csi.o [1]
s_csiIRQ                0x8001'138c     0x2  Data  Lc  fsl_csi.o [1]
s_csiIsr                0x2001'c2cc     0x4  Data  Lc  fsl_csi.o [1]
s_debugConsoleState     0x2001'c2d0    0x1c  Data  Lc  fsl_debug_console.o [1]
s_enetBases             0x8000'0b10     0xc  Data  Lc  fsl_enet.o [1]
s_enetErrIsr            0x2001'c380     0x4  Data  Lc  fsl_enet.o [1]
s_enetRxIsr             0x2001'c37c     0x4  Data  Lc  fsl_enet.o [1]
s_enetTsIsr             0x2001'c384     0x4  Data  Lc  fsl_enet.o [1]
s_enetTxIsr             0x2001'c378     0x4  Data  Lc  fsl_enet.o [1]
s_flexcanHandle         0x2001'c388    0x10  Data  Lc  fsl_flexcan.o [1]
s_flexcanIsr            0x2001'c398     0x4  Data  Lc  fsl_flexcan.o [1]
s_flexioHandle          0x2001'c39c     0x8  Data  Lc  fsl_flexio.o [1]
s_flexioIsr             0x2001'c3ac     0x8  Data  Lc  fsl_flexio.o [1]
s_flexioType            0x2001'c3a4     0x8  Data  Lc  fsl_flexio.o [1]
s_gpioBases             0x8000'0c44    0x28  Data  Lc  fsl_gpio.o [1]
s_gpioClock             0x8000'0c6c     0xc  Data  Lc  fsl_gpio.o [1]
s_lpi2cMasterHandle     0x2001'c3b8    0x14  Data  Lc  fsl_lpi2c.o [1]
s_lpi2cMasterIsr        0x2001'c3b4     0x4  Data  Lc  fsl_lpi2c.o [1]
s_lpi2cSlaveHandle      0x2001'c3d0    0x14  Data  Lc  fsl_lpi2c.o [1]
s_lpi2cSlaveIsr         0x2001'c3cc     0x4  Data  Lc  fsl_lpi2c.o [1]
s_lpspiHandle           0x2001'c3e4    0x14  Data  Lc  fsl_lpspi.o [1]
s_lpspiMasterIsr        0x2001'c3f8     0x4  Data  Lc  fsl_lpspi.o [1]
s_lpspiSlaveIsr         0x2001'c3fc     0x4  Data  Lc  fsl_lpspi.o [1]
s_lpuartBases           0x8000'0e20    0x24  Data  Lc  fsl_lpuart.o [1]
s_lpuartClock           0x8000'0e58    0x14  Data  Lc  fsl_lpuart.o [1]
s_lpuartHandle          0x2001'c400    0x24  Data  Lc  fsl_lpuart.o [1]
s_lpuartIRQ             0x8000'0e44    0x14  Data  Lc  fsl_lpuart.o [1]
s_lpuartIsr             0x2001'c424     0x4  Data  Lc  fsl_lpuart.o [1]
s_saiHandle             0x2001'c428    0x20  Data  Lc  fsl_sai.o [1]
s_saiRxIsr              0x2001'c44c     0x4  Data  Lc  fsl_sai.o [1]
s_saiTxIsr              0x2001'c448     0x4  Data  Lc  fsl_sai.o [1]
s_spdifHandle           0x2001'c450     0x8  Data  Gb  fsl_spdif.o [1]
s_spdifRxIsr            0x2001'c45c     0x4  Data  Lc  fsl_spdif.o [1]
s_spdifTxIsr            0x2001'c458     0x4  Data  Lc  fsl_spdif.o [1]
s_usdhcBase             0x8000'0ec4     0xc  Data  Lc  fsl_usdhc.o [1]
s_usdhcHandle           0x2001'c460     0xc  Data  Lc  fsl_usdhc.o [1]
s_usdhcIsr              0x2001'c46c     0x4  Data  Lc  fsl_usdhc.o [1]
scalbln                 0x8001'1255          Code  Gb  ldexp.o [3]
scalblnl                0x8001'1255          Code  Gb  ldexp.o [3]
scalbn                  0x8001'1255          Code  Gb  ldexp.o [3]
scalbnl                 0x8001'1255          Code  Gb  ldexp.o [3]
scc8660_csi1_image      0x2000'00c0  0x9600  Data  Gb  SEEKFREE_SCC8660_CSI.o [1]
scc8660_csi2_image      0x2000'96c0  0x9600  Data  Gb  SEEKFREE_SCC8660_CSI.o [1]
scc8660_csi_cof_uart_init
                        0x8000'64cb    0x3c  Code  Gb  SEEKFREE_SCC8660_CSI.o [1]
scc8660_csi_finish_flag
                        0x2001'd634     0x1  Data  Gb  SEEKFREE_SCC8660_CSI.o [1]
scc8660_csi_g_lpuartHandle
                        0x2001'd604    0x30  Data  Gb  SEEKFREE_SCC8660_CSI.o [1]
scc8660_csi_image       0x2001'd5f0     0x4  Data  Gb  SEEKFREE_SCC8660_CSI.o [1]
scc8660_csi_init        0x8000'65eb    0x74  Code  Gb  SEEKFREE_SCC8660_CSI.o [1]
scc8660_csi_isr         0x8000'645f    0x6c  Code  Gb  SEEKFREE_SCC8660_CSI.o [1]
scc8660_csi_receivexfer
                        0x2001'd5fc     0x8  Data  Gb  SEEKFREE_SCC8660_CSI.o [1]
scc8660_csi_rx_buffer   0x2001'd5fa     0x1  Data  Gb  SEEKFREE_SCC8660_CSI.o [1]
scc8660_get_all_config  0x8000'6585    0x66  Code  Gb  SEEKFREE_SCC8660_CSI.o [1]
scc8660_image           0x2001'2cc0  0x9600  Data  Gb  SEEKFREE_SCC8660.o [1]
scc8660_set_all_config  0x8000'6507    0x7e  Code  Gb  SEEKFREE_SCC8660_CSI.o [1]
scc8660_uart_receive    0x2001'd5f4     0x4  Data  Gb  SEEKFREE_SCC8660_CSI.o [1]
scc8660_uart_receive_flag
                        0x2001'd5f9     0x1  Data  Gb  SEEKFREE_SCC8660_CSI.o [1]
scc8660_uart_receive_num
                        0x2001'd5f8     0x1  Data  Gb  SEEKFREE_SCC8660_CSI.o [1]
scc8660_vsync           0x8000'63a1    0x14  Code  Gb  SEEKFREE_SCC8660.o [1]
segment_holding         0x8000'f0d9    0x1a  Code  Lc  dlmalloc.o [2]
sqrt                    0x8000'f0b1          Code  Gb  sqrt.o [3]
sqrtl                   0x8000'f0b1          Code  Gb  sqrt.o [3]
strlen                  0x8000'e9b9          Code  Gb  strlen.o [4]
sys_alloc               0x8000'f699   0x164  Code  Lc  dlmalloc.o [2]
sys_trim                0x8000'f7fd    0x64  Code  Lc  dlmalloc.o [2]
systick_delay           0x8000'e145    0x38  Code  Gb  zf_systick.o [1]
systick_delay_ms        0x8000'e17d    0x22  Code  Gb  zf_systick.o [1]
tft_ascii               0x8000'0fc8   0x5f0  Data  Gb  SEEKFREE_FONT.o [1]
tmalloc_large           0x8000'fd13   0x386  Code  Lc  dlmalloc.o [2]
tmalloc_small           0x8001'0099   0x200  Code  Lc  dlmalloc.o [2]
try_realloc_chunk       0x8001'0a91   0x318  Code  Lc  dlmalloc.o [2]
uart_init               0x8000'e503    0x6e  Code  Gb  zf_uart.o [1]
uart_iomuxc             0x8000'e1b5   0x34e  Code  Gb  zf_uart.o [1]
uart_putbuff            0x8000'e571    0x1c  Code  Gb  zf_uart.o [1]
uart_rx_irq             0x8000'e58d    0x36  Code  Gb  zf_uart.o [1]
uart_set_handle         0x8000'e5c3    0x3c  Code  Gb  zf_uart.o [1]


[1] = G:\RT\RT1064_scc8660_blob_track\IAR\program\nor_sdram_zf_dtcm\Obj
[2] = dl7M_tlf.a
[3] = m7M_tlv.a
[4] = rt7M_tl.a
[5] = shb_l.a

    1 276 bytes of readonly  code memory
   65 000 bytes of readwrite code memory
   44 080 bytes of readonly  data memory
  449 972 bytes of readwrite data memory

Errors: none
Warnings: none
